Archive member included to satisfy reference by file (symbol)

C:/ST/STM32CubeIDE_1.16.1/STM32CubeIDE/plugins/com.st.stm32cube.ide.mcu.externaltools.gnu-tools-for-stm32.12.3.rel1.win32_1.0.200.202406191623/tools/bin/../lib/gcc/arm-none-eabi/12.3.1/../../../../arm-none-eabi/lib/thumb/v7e-m+fp/hard\libc_nano.a(libc_a-exit.o)
                              C:/ST/STM32CubeIDE_1.16.1/STM32CubeIDE/plugins/com.st.stm32cube.ide.mcu.externaltools.gnu-tools-for-stm32.12.3.rel1.win32_1.0.200.202406191623/tools/bin/../lib/gcc/arm-none-eabi/12.3.1/../../../../arm-none-eabi/lib/thumb/v7e-m+fp/hard/crt0.o (exit)
C:/ST/STM32CubeIDE_1.16.1/STM32CubeIDE/plugins/com.st.stm32cube.ide.mcu.externaltools.gnu-tools-for-stm32.12.3.rel1.win32_1.0.200.202406191623/tools/bin/../lib/gcc/arm-none-eabi/12.3.1/../../../../arm-none-eabi/lib/thumb/v7e-m+fp/hard\libc_nano.a(libc_a-findfp.o)
                              C:/ST/STM32CubeIDE_1.16.1/STM32CubeIDE/plugins/com.st.stm32cube.ide.mcu.externaltools.gnu-tools-for-stm32.12.3.rel1.win32_1.0.200.202406191623/tools/bin/../lib/gcc/arm-none-eabi/12.3.1/../../../../arm-none-eabi/lib/thumb/v7e-m+fp/hard\libc_nano.a(libc_a-exit.o) (__stdio_exit_handler)
C:/ST/STM32CubeIDE_1.16.1/STM32CubeIDE/plugins/com.st.stm32cube.ide.mcu.externaltools.gnu-tools-for-stm32.12.3.rel1.win32_1.0.200.202406191623/tools/bin/../lib/gcc/arm-none-eabi/12.3.1/../../../../arm-none-eabi/lib/thumb/v7e-m+fp/hard\libc_nano.a(libc_a-fwalk.o)
                              C:/ST/STM32CubeIDE_1.16.1/STM32CubeIDE/plugins/com.st.stm32cube.ide.mcu.externaltools.gnu-tools-for-stm32.12.3.rel1.win32_1.0.200.202406191623/tools/bin/../lib/gcc/arm-none-eabi/12.3.1/../../../../arm-none-eabi/lib/thumb/v7e-m+fp/hard\libc_nano.a(libc_a-findfp.o) (_fwalk_sglue)
C:/ST/STM32CubeIDE_1.16.1/STM32CubeIDE/plugins/com.st.stm32cube.ide.mcu.externaltools.gnu-tools-for-stm32.12.3.rel1.win32_1.0.200.202406191623/tools/bin/../lib/gcc/arm-none-eabi/12.3.1/../../../../arm-none-eabi/lib/thumb/v7e-m+fp/hard\libc_nano.a(libc_a-stdio.o)
                              C:/ST/STM32CubeIDE_1.16.1/STM32CubeIDE/plugins/com.st.stm32cube.ide.mcu.externaltools.gnu-tools-for-stm32.12.3.rel1.win32_1.0.200.202406191623/tools/bin/../lib/gcc/arm-none-eabi/12.3.1/../../../../arm-none-eabi/lib/thumb/v7e-m+fp/hard\libc_nano.a(libc_a-findfp.o) (__sread)
C:/ST/STM32CubeIDE_1.16.1/STM32CubeIDE/plugins/com.st.stm32cube.ide.mcu.externaltools.gnu-tools-for-stm32.12.3.rel1.win32_1.0.200.202406191623/tools/bin/../lib/gcc/arm-none-eabi/12.3.1/../../../../arm-none-eabi/lib/thumb/v7e-m+fp/hard\libc_nano.a(libc_a-memset.o)
                              C:/ST/STM32CubeIDE_1.16.1/STM32CubeIDE/plugins/com.st.stm32cube.ide.mcu.externaltools.gnu-tools-for-stm32.12.3.rel1.win32_1.0.200.202406191623/tools/bin/../lib/gcc/arm-none-eabi/12.3.1/../../../../arm-none-eabi/lib/thumb/v7e-m+fp/hard/crt0.o (memset)
C:/ST/STM32CubeIDE_1.16.1/STM32CubeIDE/plugins/com.st.stm32cube.ide.mcu.externaltools.gnu-tools-for-stm32.12.3.rel1.win32_1.0.200.202406191623/tools/bin/../lib/gcc/arm-none-eabi/12.3.1/../../../../arm-none-eabi/lib/thumb/v7e-m+fp/hard\libc_nano.a(libc_a-closer.o)
                              C:/ST/STM32CubeIDE_1.16.1/STM32CubeIDE/plugins/com.st.stm32cube.ide.mcu.externaltools.gnu-tools-for-stm32.12.3.rel1.win32_1.0.200.202406191623/tools/bin/../lib/gcc/arm-none-eabi/12.3.1/../../../../arm-none-eabi/lib/thumb/v7e-m+fp/hard\libc_nano.a(libc_a-stdio.o) (_close_r)
C:/ST/STM32CubeIDE_1.16.1/STM32CubeIDE/plugins/com.st.stm32cube.ide.mcu.externaltools.gnu-tools-for-stm32.12.3.rel1.win32_1.0.200.202406191623/tools/bin/../lib/gcc/arm-none-eabi/12.3.1/../../../../arm-none-eabi/lib/thumb/v7e-m+fp/hard\libc_nano.a(libc_a-reent.o)
                              C:/ST/STM32CubeIDE_1.16.1/STM32CubeIDE/plugins/com.st.stm32cube.ide.mcu.externaltools.gnu-tools-for-stm32.12.3.rel1.win32_1.0.200.202406191623/tools/bin/../lib/gcc/arm-none-eabi/12.3.1/../../../../arm-none-eabi/lib/thumb/v7e-m+fp/hard\libc_nano.a(libc_a-closer.o) (errno)
C:/ST/STM32CubeIDE_1.16.1/STM32CubeIDE/plugins/com.st.stm32cube.ide.mcu.externaltools.gnu-tools-for-stm32.12.3.rel1.win32_1.0.200.202406191623/tools/bin/../lib/gcc/arm-none-eabi/12.3.1/../../../../arm-none-eabi/lib/thumb/v7e-m+fp/hard\libc_nano.a(libc_a-impure.o)
                              C:/ST/STM32CubeIDE_1.16.1/STM32CubeIDE/plugins/com.st.stm32cube.ide.mcu.externaltools.gnu-tools-for-stm32.12.3.rel1.win32_1.0.200.202406191623/tools/bin/../lib/gcc/arm-none-eabi/12.3.1/../../../../arm-none-eabi/lib/thumb/v7e-m+fp/hard\libc_nano.a(libc_a-reent.o) (_impure_ptr)
C:/ST/STM32CubeIDE_1.16.1/STM32CubeIDE/plugins/com.st.stm32cube.ide.mcu.externaltools.gnu-tools-for-stm32.12.3.rel1.win32_1.0.200.202406191623/tools/bin/../lib/gcc/arm-none-eabi/12.3.1/../../../../arm-none-eabi/lib/thumb/v7e-m+fp/hard\libc_nano.a(libc_a-lseekr.o)
[...]
Memory Configuration

Name             Origin             Length             Attributes
RAM              0x20000000         0x00018000         xrw
RAM2             0x10000000         0x00008000         xrw
FLASH            0x08000000         0x00100000         xr
*default*        0x00000000         0xffffffff

Linker script and memory map

LOAD C:/ST/STM32CubeIDE_1.16.1/STM32CubeIDE/plugins/com.st.stm32cube.ide.mcu.externaltools.gnu-tools-for-stm32.12.3.rel1.win32_1.0.200.202406191623/tools/bin/../lib/gcc/arm-none-eabi/12.3.1/thumb/v7e-m+fp/hard/crti.o
LOAD C:/ST/STM32CubeIDE_1.16.1/STM32CubeIDE/plugins/com.st.stm32cube.ide.mcu.externaltools.gnu-tools-for-stm32.12.3.rel1.win32_1.0.200.202406191623/tools/bin/../lib/gcc/arm-none-eabi/12.3.1/thumb/v7e-m+fp/hard/crtbegin.o
LOAD C:/ST/STM32CubeIDE_1.16.1/STM32CubeIDE/plugins/com.st.stm32cube.ide.mcu.externaltools.gnu-tools-for-stm32.12.3.rel1.win32_1.0.200.202406191623/tools/bin/../lib/gcc/arm-none-eabi/12.3.1/../../../../arm-none-eabi/lib/thumb/v7e-m+fp/hard/crt0.o
LOAD ./Core/Src/Light/carLights.o
LOAD ./Core/Src/Light/pedestrianLights.o
LOAD ./Core/Src/Logic/carLogic.o
LOAD ./Core/Src/Logic/pedestrianLogic.o
LOAD ./Core/Src/freertos.o
LOAD ./Core/Src/gpio.o
LOAD ./Core/Src/intersection.o
LOAD ./Core/Src/main.o
LOAD ./Core/Src/spi.o
LOAD ./Core/Src/spiCommunication.o
LOAD ./Core/Src/stm32l4xx_hal_msp.o
LOAD ./Core/Src/stm32l4xx_hal_timebase_tim.o
LOAD ./Core/Src/stm32l4xx_it.o
LOAD ./Core/Src/syscalls.o
LOAD ./Core/Src/sysmem.o
LOAD ./Core/Src/system_stm32l4xx.o
LOAD ./Core/Src/usart.o
LOAD ./Core/Startup/startup_stm32l476rgtx.o
LOAD ./Drivers/STM32L4xx_HAL_Driver/Src/stm32l4xx_hal.o
LOAD ./Drivers/STM32L4xx_HAL_Driver/Src/stm32l4xx_hal_cortex.o
LOAD ./Drivers/STM32L4xx_HAL_Driver/Src/stm32l4xx_hal_dma.o
LOAD ./Drivers/STM32L4xx_HAL_Driver/Src/stm32l4xx_hal_dma_ex.o
LOAD ./Drivers/STM32L4xx_HAL_Driver/Src/stm32l4xx_hal_exti.o
LOAD ./Drivers/STM32L4xx_HAL_Driver/Src/stm32l4xx_hal_flash.o
LOAD ./Drivers/STM32L4xx_HAL_Driver/Src/stm32l4xx_hal_flash_ex.o
LOAD ./Drivers/STM32L4xx_HAL_Driver/Src/stm32l4xx_hal_flash_ramfunc.o
LOAD ./Drivers/STM32L4xx_HAL_Driver/Src/stm32l4xx_hal_gpio.o
LOAD ./Drivers/STM32L4xx_HAL_Driver/Src/stm32l4xx_hal_i2c.o
LOAD ./Drivers/STM32L4xx_HAL_Driver/Src/stm32l4xx_hal_i2c_ex.o
LOAD ./Drivers/STM32L4xx_HAL_Driver/Src/stm32l4xx_hal_pwr.o
LOAD ./Drivers/STM32L4xx_HAL_Driver/Src/stm32l4xx_hal_pwr_ex.o
LOAD ./Drivers/STM32L4xx_HAL_Driver/Src/stm32l4xx_hal_rcc.o
LOAD ./Drivers/STM32L4xx_HAL_Driver/Src/stm32l4xx_hal_rcc_ex.o
LOAD ./Drivers/STM32L4xx_HAL_Driver/Src/stm32l4xx_hal_spi.o
LOAD ./Drivers/STM32L4xx_HAL_Driver/Src/stm32l4xx_hal_spi_ex.o
LOAD ./Drivers/STM32L4xx_HAL_Driver/Src/stm32l4xx_hal_tim.o
LOAD ./Drivers/STM32L4xx_HAL_Driver/Src/stm32l4xx_hal_tim_ex.o
LOAD ./Drivers/STM32L4xx_HAL_Driver/Src/stm32l4xx_hal_uart.o
LOAD ./Drivers/STM32L4xx_HAL_Driver/Src/stm32l4xx_hal_uart_ex.o
LOAD ./Middlewares/Third_Party/FreeRTOS/Source/CMSIS_RTOS_V2/cmsis_os2.o
LOAD ./Middlewares/Third_Party/FreeRTOS/Source/croutine.o
LOAD ./Middlewares/Third_Party/FreeRTOS/Source/event_groups.o
LOAD ./Middlewares/Third_Party/FreeRTOS/Source/list.o
LOAD ./Middlewares/Third_Party/FreeRTOS/Source/queue.o
LOAD ./Middlewares/Third_Party/FreeRTOS/Source/stream_buffer.o
LOAD ./Middlewares/Third_Party/FreeRTOS/Source/tasks.o
LOAD ./Middlewares/Third_Party/FreeRTOS/Source/timers.o
LOAD ./Middlewares/Third_Party/FreeRTOS/Source/portable/GCC/ARM_CM4F/port.o
LOAD ./Middlewares/Third_Party/FreeRTOS/Source/portable/MemMang/heap_4.o
START GROUP
LOAD C:/ST/STM32CubeIDE_1.16.1/STM32CubeIDE/plugins/com.st.stm32cube.ide.mcu.externaltools.gnu-tools-for-stm32.12.3.rel1.win32_1.0.200.202406191623/tools/bin/../lib/gcc/arm-none-eabi/12.3.1/../../../../arm-none-eabi/lib/thumb/v7e-m+fp/hard\libc_nano.a
LOAD C:/ST/STM32CubeIDE_1.16.1/STM32CubeIDE/plugins/com.st.stm32cube.ide.mcu.externaltools.gnu-tools-for-stm32.12.3.rel1.win32_1.0.200.202406191623/tools/bin/../lib/gcc/arm-none-eabi/12.3.1/../../../../arm-none-eabi/lib/thumb/v7e-m+fp/hard\libm.a
END GROUP
START GROUP
LOAD C:/ST/STM32CubeIDE_1.16.1/STM32CubeIDE/plugins/com.st.stm32cube.ide.mcu.externaltools.gnu-tools-for-stm32.12.3.rel1.win32_1.0.200.202406191623/tools/bin/../lib/gcc/arm-none-eabi/12.3.1/thumb/v7e-m+fp/hard\libgcc.a
LOAD C:/ST/STM32CubeIDE_1.16.1/STM32CubeIDE/plugins/com.st.stm32cube.ide.mcu.externaltools.gnu-tools-for-stm32.12.3.rel1.win32_1.0.200.202406191623/tools/bin/../lib/gcc/arm-none-eabi/12.3.1/../../../../arm-none-eabi/lib/thumb/v7e-m+fp/hard\libc_nano.a
END GROUP
START GROUP
LOAD C:/ST/STM32CubeIDE_1.16.1/STM32CubeIDE/plugins/com.st.stm32cube.ide.mcu.externaltools.gnu-tools-for-stm32.12.3.rel1.win32_1.0.200.202406191623/tools/bin/../lib/gcc/arm-none-eabi/12.3.1/thumb/v7e-m+fp/hard\libgcc.a
LOAD C:/ST/STM32CubeIDE_1.16.1/STM32CubeIDE/plugins/com.st.stm32cube.ide.mcu.externaltools.gnu-tools-for-stm32.12.3.rel1.win32_1.0.200.202406191623/tools/bin/../lib/gcc/arm-none-eabi/12.3.1/../../../../arm-none-eabi/lib/thumb/v7e-m+fp/hard\libc_nano.a
LOAD C:/ST/STM32CubeIDE_1.16.1/STM32CubeIDE/plugins/com.st.stm32cube.ide.mcu.externaltools.gnu-tools-for-stm32.12.3.rel1.win32_1.0.200.202406191623/tools/bin/../lib/gcc/arm-none-eabi/12.3.1/../../../../arm-none-eabi/lib/thumb/v7e-m+fp/hard\libnosys.a
END GROUP
START GROUP
LOAD C:/ST/STM32CubeIDE_1.16.1/STM32CubeIDE/plugins/com.st.stm32cube.ide.mcu.externaltools.gnu-tools-for-stm32.12.3.rel1.win32_1.0.200.202406191623/tools/bin/../lib/gcc/arm-none-eabi/12.3.1/thumb/v7e-m+fp/hard\libgcc.a
LOAD C:/ST/STM32CubeIDE_1.16.1/STM32CubeIDE/plugins/com.st.stm32cube.ide.mcu.externaltools.gnu-tools-for-stm32.12.3.rel1.win32_1.0.200.202406191623/tools/bin/../lib/gcc/arm-none-eabi/12.3.1/../../../../arm-none-eabi/lib/thumb/v7e-m+fp/hard\libc_nano.a
LOAD C:/ST/STM32CubeIDE_1.16.1/STM32CubeIDE/plugins/com.st.stm32cube.ide.mcu.externaltools.gnu-tools-for-stm32.12.3.rel1.win32_1.0.200.202406191623/tools/bin/../lib/gcc/arm-none-eabi/12.3.1/../../../../arm-none-eabi/lib/thumb/v7e-m+fp/hard\libnosys.a
END GROUP
LOAD C:/ST/STM32CubeIDE_1.16.1/STM32CubeIDE/plugins/com.st.stm32cube.ide.mcu.externaltools.gnu-tools-for-stm32.12.3.rel1.win32_1.0.200.202406191623/tools/bin/../lib/gcc/arm-none-eabi/12.3.1/thumb/v7e-m+fp/hard/crtend.o
LOAD C:/ST/STM32CubeIDE_1.16.1/STM32CubeIDE/plugins/com.st.stm32cube.ide.mcu.externaltools.gnu-tools-for-stm32.12.3.rel1.win32_1.0.200.202406191623/tools/bin/../lib/gcc/arm-none-eabi/12.3.1/thumb/v7e-m+fp/hard/crtn.o
                0x20018000                        _estack = (ORIGIN (RAM) + LENGTH (RAM))
                0x00000200                        _Min_Heap_Size = 0x200
                0x00000400                        _Min_Stack_Size = 0x400

.isr_vector     0x08000000      0x188
                0x08000000                        . = ALIGN (0x4)
 *(.isr_vector)
 .isr_vector    0x08000000      0x188 ./Core/Startup/startup_stm32l476rgtx.o
                0x08000000                g_pfnVectors
                0x08000188                        . = ALIGN (0x4)

.text           0x08000190     0x7e04
                0x08000190                        . = ALIGN (0x4)
 *(.text)
 .text          0x08000190       0x40 C:/ST/STM32CubeIDE_1.16.1/STM32CubeIDE/plugins/com.st.stm32cube.ide.mcu.externaltools.gnu-tools-for-stm32.12.3.rel1.win32_1.0.200.202406191623/tools/bin/../lib/gcc/arm-none-eabi/12.3.1/thumb/v7e-m+fp/hard/crtbegin.o
 .text          0x080001d0       0x30 C:/ST/STM32CubeIDE_1.16.1/STM32CubeIDE/plugins/com.st.stm32cube.ide.mcu.externaltools.gnu-tools-for-stm32.12.3.rel1.win32_1.0.200.202406191623/tools/bin/../lib/gcc/arm-none-eabi/12.3.1/thumb/v7e-m+fp/hard\libgcc.a(_aeabi_uldivmod.o)
                0x080001d0                __aeabi_uldivmod
 .text          0x08000200      0x2bc C:/ST/STM32CubeIDE_1.16.1/STM32CubeIDE/plugins/com.st.stm32cube.ide.mcu.externaltools.gnu-tools-for-stm32.12.3.rel1.win32_1.0.200.202406191623/tools/bin/../lib/gcc/arm-none-eabi/12.3.1/thumb/v7e-m+fp/hard\libgcc.a(_udivmoddi4.o)
                0x08000200                __udivmoddi4
 .text          0x080004bc        0x4 C:/ST/STM32CubeIDE_1.16.1/STM32CubeIDE/plugins/com.st.stm32cube.ide.mcu.externaltools.gnu-tools-for-stm32.12.3.rel1.win32_1.0.200.202406191623/tools/bin/../lib/gcc/arm-none-eabi/12.3.1/thumb/v7e-m+fp/hard\libgcc.a(_dvmd_tls.o)
                0x080004bc                __aeabi_idiv0
                0x080004bc                __aeabi_ldiv0
 *(.text*)
 .text.updateCarState
                0x080004c0      0x1b4 ./Core/Src/Light/carLights.o
                0x080004c0                updateCarState
 .text.clearHorizontalLanes
                0x08000674       0x52 ./Core/Src/Light/carLights.o
                0x08000674                clearHorizontalLanes
 .text.clearVerticalLanes
                0x080006c6       0x52 ./Core/Src/Light/carLights.o
                0x080006c6                clearVerticalLanes
 .text.toggleIndicatorLight
                0x08000718       0x3e ./Core/Src/Light/pedestrianLights.o
                0x08000718                toggleIndicatorLight
 .text.updatePedestrianState
                0x08000756      0x12c ./Core/Src/Light/pedestrianLights.o
                0x08000756                updatePedestrianState
 .text.initTaskCarSignalState
                0x08000882       0x50 ./Core/Src/Logic/carLogic.o
                0x08000882                initTaskCarSignalState
 .text.noCars   0x080008d2       0x36 ./Core/Src/Logic/carLogic.o
                0x080008d2                noCars
 .text.carInActiveLane
                0x08000908       0x7c ./Core/Src/Logic/carLogic.o
                0x08000908                carInActiveLane
 .text.carInInertLane
                0x08000984       0x7c ./Core/Src/Logic/carLogic.o
                0x08000984                carInInertLane
 .text.taskCarSignalLogic
                0x08000a00      0x2a2 ./Core/Src/Logic/carLogic.o
                0x08000a00                taskCarSignalLogic
 .text.initPedestrianState
                0x08000ca2       0x54 ./Core/Src/Logic/pedestrianLogic.o
                0x08000ca2                initPedestrianState
 *fill*         0x08000cf6        0x2 
 .text.crossWalkButtonPressed
                0x08000cf8       0x78 ./Core/Src/Logic/pedestrianLogic.o
                0x08000cf8                crossWalkButtonPressed
 .text.processPedestrianState
                0x08000d70      0x104 ./Core/Src/Logic/pedestrianLogic.o
                0x08000d70                processPedestrianState
 .text.pedestrianLogic
                0x08000e74       0x2c ./Core/Src/Logic/pedestrianLogic.o
                0x08000e74                pedestrianLogic
 .text.MX_FREERTOS_Init
                0x08000ea0       0x7c ./Core/Src/freertos.o
                0x08000ea0                MX_FREERTOS_Init
 .text.StartDefaultTask
                0x08000f1c       0x20 ./Core/Src/freertos.o
                0x08000f1c                StartDefaultTask
 .text.pedestrianLogicTask
                0x08000f3c       0x44 ./Core/Src/freertos.o
                0x08000f3c                pedestrianLogicTask
 .text.carLogicTask
                0x08000f80       0x48 ./Core/Src/freertos.o
                0x08000f80                carLogicTask
 .text.MX_GPIO_Init
                0x08000fc8      0x174 ./Core/Src/gpio.o
                0x08000fc8                MX_GPIO_Init
 .text.initIntersectionState
                0x0800113c       0x72 ./Core/Src/intersection.o
                0x0800113c                initIntersectionState
 .text.main     0x080011ae       0x28 ./Core/Src/main.o
                0x080011ae                main
 .text.SystemClock_Config
                0x080011d6       0xa2 ./Core/Src/main.o
                0x080011d6                SystemClock_Config
 .text.HAL_TIM_PeriodElapsedCallback
                0x08001278       0x24 ./Core/Src/main.o
                0x08001278                HAL_TIM_PeriodElapsedCallback
 .text.Error_Handler
                0x0800129c        0xc ./Core/Src/main.o
                0x0800129c                Error_Handler
 .text.MX_SPI3_Init
                0x080012a8       0x7c ./Core/Src/spi.o
                0x080012a8                MX_SPI3_Init
 .text.HAL_SPI_MspInit
                0x08001324       0xc4 ./Core/Src/spi.o
                0x08001324                HAL_SPI_MspInit
 .text.initializeRegisters
                0x080013e8       0x40 ./Core/Src/spiCommunication.o
                0x080013e8                initializeRegisters
 .text.transmitData
                0x08001428       0x44 ./Core/Src/spiCommunication.o
                0x08001428                transmitData
 .text.HAL_MspInit
                0x0800146c       0x50 ./Core/Src/stm32l4xx_hal_msp.o
                0x0800146c                HAL_MspInit
 .text.HAL_InitTick
                0x080014bc       0xdc ./Core/Src/stm32l4xx_hal_timebase_tim.o
                0x080014bc                HAL_InitTick
 .text.NMI_Handler
                0x08001598        0x8 ./Core/Src/stm32l4xx_it.o
                0x08001598                NMI_Handler
 .text.HardFault_Handler
                0x080015a0        0x8 ./Core/Src/stm32l4xx_it.o
                0x080015a0                HardFault_Handler
 .text.MemManage_Handler
                0x080015a8        0x8 ./Core/Src/stm32l4xx_it.o
                0x080015a8                MemManage_Handler
 .text.BusFault_Handler
                0x080015b0        0x8 ./Core/Src/stm32l4xx_it.o
                0x080015b0                BusFault_Handler
 .text.UsageFault_Handler
                0x080015b8        0x8 ./Core/Src/stm32l4xx_it.o
                0x080015b8                UsageFault_Handler
 .text.DebugMon_Handler
                0x080015c0        0xe ./Core/Src/stm32l4xx_it.o
                0x080015c0                DebugMon_Handler
 *fill*         0x080015ce        0x2 
 .text.TIM1_UP_TIM16_IRQHandler
                0x080015d0       0x14 ./Core/Src/stm32l4xx_it.o
                0x080015d0                TIM1_UP_TIM16_IRQHandler
 .text.SystemInit
                0x080015e4       0x24 ./Core/Src/system_stm32l4xx.o
                0x080015e4                SystemInit
 .text.MX_USART2_UART_Init
                0x08001608       0x60 ./Core/Src/usart.o
                0x08001608                MX_USART2_UART_Init
 .text.HAL_UART_MspInit
                0x08001668       0xb8 ./Core/Src/usart.o
                0x08001668                HAL_UART_MspInit
 .text.Reset_Handler
                0x08001720       0x50 ./Core/Startup/startup_stm32l476rgtx.o
                0x08001720                Reset_Handler
 .text.Default_Handler
                0x08001770        0x2 ./Core/Startup/startup_stm32l476rgtx.o
                0x08001770                RTC_Alarm_IRQHandler
                0x08001770                EXTI2_IRQHandler
                0x08001770                TIM8_TRG_COM_IRQHandler
                0x08001770                TIM8_CC_IRQHandler
                0x08001770                TIM1_CC_IRQHandler
                0x08001770                TSC_IRQHandler
                0x08001770                TAMP_STAMP_IRQHandler
                0x08001770                EXTI3_IRQHandler
                0x08001770                LPTIM2_IRQHandler
                0x08001770                DFSDM1_FLT1_IRQHandler
                0x08001770                I2C3_ER_IRQHandler
                0x08001770                DFSDM1_FLT2_IRQHandler
                0x08001770                EXTI0_IRQHandler
                0x08001770                I2C2_EV_IRQHandler
                0x08001770                CAN1_RX0_IRQHandler
                0x08001770                FPU_IRQHandler
                0x08001770                ADC1_2_IRQHandler
                0x08001770                SPI1_IRQHandler
                0x08001770                TIM6_DAC_IRQHandler
                0x08001770                TIM8_UP_IRQHandler
                0x08001770                DMA2_Channel2_IRQHandler
                0x08001770                DMA1_Channel4_IRQHandler
                0x08001770                SAI2_IRQHandler
                0x08001770                DFSDM1_FLT3_IRQHandler
                0x08001770                USART3_IRQHandler
                0x08001770                DMA1_Channel7_IRQHandler
                0x08001770                CAN1_RX1_IRQHandler
                0x08001770                LCD_IRQHandler
                0x08001770                UART5_IRQHandler
                0x08001770                ADC3_IRQHandler
                0x08001770                TIM4_IRQHandler
                0x08001770                DMA2_Channel1_IRQHandler
                0x08001770                QUADSPI_IRQHandler
                0x08001770                I2C1_EV_IRQHandler
                0x08001770                DMA1_Channel6_IRQHandler
                0x08001770                UART4_IRQHandler
                0x08001770                DMA2_Channel4_IRQHandler
                0x08001770                TIM3_IRQHandler
                0x08001770                RCC_IRQHandler
                0x08001770                DMA1_Channel1_IRQHandler
                0x08001770                Default_Handler
                0x08001770                DMA2_Channel7_IRQHandler
                0x08001770                EXTI15_10_IRQHandler
                0x08001770                TIM7_IRQHandler
                0x08001770                SDMMC1_IRQHandler
                0x08001770                TIM5_IRQHandler
                0x08001770                I2C3_EV_IRQHandler
                0x08001770                EXTI9_5_IRQHandler
                0x08001770                RTC_WKUP_IRQHandler
                0x08001770                PVD_PVM_IRQHandler
                0x08001770                SPI2_IRQHandler
                0x08001770                CAN1_TX_IRQHandler
                0x08001770                DMA2_Channel5_IRQHandler
                0x08001770                DMA1_Channel5_IRQHandler
                0x08001770                EXTI4_IRQHandler
                0x08001770                RNG_IRQHandler
                0x08001770                TIM1_TRG_COM_TIM17_IRQHandler
                0x08001770                DMA1_Channel3_IRQHandler
                0x08001770                COMP_IRQHandler
                0x08001770                WWDG_IRQHandler
                0x08001770                LPUART1_IRQHandler
                0x08001770                DMA2_Channel6_IRQHandler
                0x08001770                TIM2_IRQHandler
                0x08001770                EXTI1_IRQHandler
                0x08001770                USART2_IRQHandler
                0x08001770                DFSDM1_FLT0_IRQHandler
                0x08001770                I2C2_ER_IRQHandler
                0x08001770                DMA1_Channel2_IRQHandler
                0x08001770                TIM8_BRK_IRQHandler
                0x08001770                CAN1_SCE_IRQHandler
                0x08001770                FLASH_IRQHandler
                0x08001770                USART1_IRQHandler
                0x08001770                OTG_FS_IRQHandler
                0x08001770                SPI3_IRQHandler
                0x08001770                I2C1_ER_IRQHandler
                0x08001770                FMC_IRQHandler
                0x08001770                SWPMI1_IRQHandler
                0x08001770                LPTIM1_IRQHandler
                0x08001770                SAI1_IRQHandler
                0x08001770                DMA2_Channel3_IRQHandler
                0x08001770                TIM1_BRK_TIM15_IRQHandler
 *fill*         0x08001772        0x2 
 .text.HAL_Init
                0x08001774       0x40 ./Drivers/STM32L4xx_HAL_Driver/Src/stm32l4xx_hal.o
                0x08001774                HAL_Init
 .text.HAL_IncTick
                0x080017b4       0x28 ./Drivers/STM32L4xx_HAL_Driver/Src/stm32l4xx_hal.o
                0x080017b4                HAL_IncTick
 .text.HAL_GetTick
                0x080017dc       0x18 ./Drivers/STM32L4xx_HAL_Driver/Src/stm32l4xx_hal.o
                0x080017dc                HAL_GetTick
 .text.__NVIC_SetPriorityGrouping
                0x080017f4       0x48 ./Drivers/STM32L4xx_HAL_Driver/Src/stm32l4xx_hal_cortex.o
 .text.__NVIC_GetPriorityGrouping
                0x0800183c       0x1c ./Drivers/STM32L4xx_HAL_Driver/Src/stm32l4xx_hal_cortex.o
 .text.__NVIC_EnableIRQ
                0x08001858       0x3c ./Drivers/STM32L4xx_HAL_Driver/Src/stm32l4xx_hal_cortex.o
 .text.__NVIC_SetPriority
                0x08001894       0x54 ./Drivers/STM32L4xx_HAL_Driver/Src/stm32l4xx_hal_cortex.o
 .text.NVIC_EncodePriority
                0x080018e8       0x66 ./Drivers/STM32L4xx_HAL_Driver/Src/stm32l4xx_hal_cortex.o
 .text.HAL_NVIC_SetPriorityGrouping
                0x0800194e       0x16 ./Drivers/STM32L4xx_HAL_Driver/Src/stm32l4xx_hal_cortex.o
                0x0800194e                HAL_NVIC_SetPriorityGrouping
 .text.HAL_NVIC_SetPriority
                0x08001964       0x38 ./Drivers/STM32L4xx_HAL_Driver/Src/stm32l4xx_hal_cortex.o
                0x08001964                HAL_NVIC_SetPriority
 .text.HAL_NVIC_EnableIRQ
                0x0800199c       0x1c ./Drivers/STM32L4xx_HAL_Driver/Src/stm32l4xx_hal_cortex.o
                0x0800199c                HAL_NVIC_EnableIRQ
 .text.HAL_GPIO_Init
                0x080019b8      0x354 ./Drivers/STM32L4xx_HAL_Driver/Src/stm32l4xx_hal_gpio.o
                0x080019b8                HAL_GPIO_Init
 .text.HAL_GPIO_ReadPin
                0x08001d0c       0x30 ./Drivers/STM32L4xx_HAL_Driver/Src/stm32l4xx_hal_gpio.o
                0x08001d0c                HAL_GPIO_ReadPin
 .text.HAL_GPIO_WritePin
                0x08001d3c       0x30 ./Drivers/STM32L4xx_HAL_Driver/Src/stm32l4xx_hal_gpio.o
                0x08001d3c                HAL_GPIO_WritePin
 .text.HAL_GPIO_TogglePin
                0x08001d6c       0x34 ./Drivers/STM32L4xx_HAL_Driver/Src/stm32l4xx_hal_gpio.o
                0x08001d6c                HAL_GPIO_TogglePin
 .text.HAL_PWREx_GetVoltageRange
                0x08001da0       0x1c ./Drivers/STM32L4xx_HAL_Driver/Src/stm32l4xx_hal_pwr_ex.o
                0x08001da0                HAL_PWREx_GetVoltageRange
 .text.HAL_PWREx_ControlVoltageScaling
                0x08001dbc       0xac ./Drivers/STM32L4xx_HAL_Driver/Src/stm32l4xx_hal_pwr_ex.o
                0x08001dbc                HAL_PWREx_ControlVoltageScaling
 .text.HAL_RCC_OscConfig
                0x08001e68      0x7b8 ./Drivers/STM32L4xx_HAL_Driver/Src/stm32l4xx_hal_rcc.o
                0x08001e68                HAL_RCC_OscConfig
 .text.HAL_RCC_ClockConfig
                0x08002620      0x200 ./Drivers/STM32L4xx_HAL_Driver/Src/stm32l4xx_hal_rcc.o
                0x08002620                HAL_RCC_ClockConfig
 .text.HAL_RCC_GetSysClockFreq
                0x08002820      0x118 ./Drivers/STM32L4xx_HAL_Driver/Src/stm32l4xx_hal_rcc.o
                0x08002820                HAL_RCC_GetSysClockFreq
 .text.HAL_RCC_GetHCLKFreq
                0x08002938       0x18 ./Drivers/STM32L4xx_HAL_Driver/Src/stm32l4xx_hal_rcc.o
                0x08002938                HAL_RCC_GetHCLKFreq
 .text.HAL_RCC_GetPCLK1Freq
                0x08002950       0x2c ./Drivers/STM32L4xx_HAL_Driver/Src/stm32l4xx_hal_rcc.o
                0x08002950                HAL_RCC_GetPCLK1Freq
 .text.HAL_RCC_GetPCLK2Freq
                0x0800297c       0x2c ./Drivers/STM32L4xx_HAL_Driver/Src/stm32l4xx_hal_rcc.o
                0x0800297c                HAL_RCC_GetPCLK2Freq
 .text.HAL_RCC_GetClockConfig
                0x080029a8       0x64 ./Drivers/STM32L4xx_HAL_Driver/Src/stm32l4xx_hal_rcc.o
                0x080029a8                HAL_RCC_GetClockConfig
 .text.RCC_SetFlashLatencyFromMSIRange
                0x08002a0c       0xc0 ./Drivers/STM32L4xx_HAL_Driver/Src/stm32l4xx_hal_rcc.o
 .text.HAL_RCCEx_PeriphCLKConfig
                0x08002acc      0x5d4 ./Drivers/STM32L4xx_HAL_Driver/Src/stm32l4xx_hal_rcc_ex.o
                0x08002acc                HAL_RCCEx_PeriphCLKConfig
 .text.RCCEx_PLLSAI1_Config
                0x080030a0      0x1e8 ./Drivers/STM32L4xx_HAL_Driver/Src/stm32l4xx_hal_rcc_ex.o
 .text.RCCEx_PLLSAI2_Config
                0x08003288      0x1bc ./Drivers/STM32L4xx_HAL_Driver/Src/stm32l4xx_hal_rcc_ex.o
 .text.HAL_SPI_Init
                0x08003444      0x146 ./Drivers/STM32L4xx_HAL_Driver/Src/stm32l4xx_hal_spi.o
                0x08003444                HAL_SPI_Init
 .text.HAL_SPI_Transmit
                0x0800358a      0x2ec ./Drivers/STM32L4xx_HAL_Driver/Src/stm32l4xx_hal_spi.o
                0x0800358a                HAL_SPI_Transmit
 *fill*         0x08003876        0x2 
 .text.SPI_WaitFlagStateUntilTimeout
                0x08003878      0x110 ./Drivers/STM32L4xx_HAL_Driver/Src/stm32l4xx_hal_spi.o
 .text.SPI_WaitFifoStateUntilTimeout
                0x08003988      0x12c ./Drivers/STM32L4xx_HAL_Driver/Src/stm32l4xx_hal_spi.o
 .text.SPI_EndRxTxTransaction
                0x08003ab4       0x8c ./Drivers/STM32L4xx_HAL_Driver/Src/stm32l4xx_hal_spi.o
 .text.HAL_TIM_Base_Init
                0x08003b40       0xae ./Drivers/STM32L4xx_HAL_Driver/Src/stm32l4xx_hal_tim.o
                0x08003b40                HAL_TIM_Base_Init
 .text.HAL_TIM_Base_MspInit
                0x08003bee       0x14 ./Drivers/STM32L4xx_HAL_Driver/Src/stm32l4xx_hal_tim.o
                0x08003bee                HAL_TIM_Base_MspInit
 *fill*         0x08003c02        0x2 
 .text.HAL_TIM_Base_Start_IT
                0x08003c04       0xe0 ./Drivers/STM32L4xx_HAL_Driver/Src/stm32l4xx_hal_tim.o
                0x08003c04                HAL_TIM_Base_Start_IT
 .text.HAL_TIM_IRQHandler
                0x08003ce4      0x20e ./Drivers/STM32L4xx_HAL_Driver/Src/stm32l4xx_hal_tim.o
                0x08003ce4                HAL_TIM_IRQHandler
 .text.HAL_TIM_OC_DelayElapsedCallback
                0x08003ef2       0x14 ./Drivers/STM32L4xx_HAL_Driver/Src/stm32l4xx_hal_tim.o
                0x08003ef2                HAL_TIM_OC_DelayElapsedCallback
 .text.HAL_TIM_IC_CaptureCallback
                0x08003f06       0x14 ./Drivers/STM32L4xx_HAL_Driver/Src/stm32l4xx_hal_tim.o
                0x08003f06                HAL_TIM_IC_CaptureCallback
 .text.HAL_TIM_PWM_PulseFinishedCallback
                0x08003f1a       0x14 ./Drivers/STM32L4xx_HAL_Driver/Src/stm32l4xx_hal_tim.o
                0x08003f1a                HAL_TIM_PWM_PulseFinishedCallback
 .text.HAL_TIM_TriggerCallback
                0x08003f2e       0x14 ./Drivers/STM32L4xx_HAL_Driver/Src/stm32l4xx_hal_tim.o
                0x08003f2e                HAL_TIM_TriggerCallback
 *fill*         0x08003f42        0x2 
 .text.TIM_Base_SetConfig
                0x08003f44      0x14c ./Drivers/STM32L4xx_HAL_Driver/Src/stm32l4xx_hal_tim.o
                0x08003f44                TIM_Base_SetConfig
 .text.HAL_TIMEx_CommutCallback
                0x08004090       0x14 ./Drivers/STM32L4xx_HAL_Driver/Src/stm32l4xx_hal_tim_ex.o
                0x08004090                HAL_TIMEx_CommutCallback
 .text.HAL_TIMEx_BreakCallback
                0x080040a4       0x14 ./Drivers/STM32L4xx_HAL_Driver/Src/stm32l4xx_hal_tim_ex.o
                0x080040a4                HAL_TIMEx_BreakCallback
 .text.HAL_TIMEx_Break2Callback
                0x080040b8       0x14 ./Drivers/STM32L4xx_HAL_Driver/Src/stm32l4xx_hal_tim_ex.o
                0x080040b8                HAL_TIMEx_Break2Callback
 .text.HAL_UART_Init
                0x080040cc       0x9c ./Drivers/STM32L4xx_HAL_Driver/Src/stm32l4xx_hal_uart.o
                0x080040cc                HAL_UART_Init
 .text.UART_SetConfig
                0x08004168      0x570 ./Drivers/STM32L4xx_HAL_Driver/Src/stm32l4xx_hal_uart.o
                0x08004168                UART_SetConfig
 .text.UART_AdvFeatureConfig
                0x080046d8      0x144 ./Drivers/STM32L4xx_HAL_Driver/Src/stm32l4xx_hal_uart.o
                0x080046d8                UART_AdvFeatureConfig
 .text.UART_CheckIdleState
                0x0800481c      0x150 ./Drivers/STM32L4xx_HAL_Driver/Src/stm32l4xx_hal_uart.o
                0x0800481c                UART_CheckIdleState
 .text.UART_WaitOnFlagUntilTimeout
                0x0800496c       0xda ./Drivers/STM32L4xx_HAL_Driver/Src/stm32l4xx_hal_uart.o
                0x0800496c                UART_WaitOnFlagUntilTimeout
 .text.UART_EndRxTransfer
                0x08004a46       0xc8 ./Drivers/STM32L4xx_HAL_Driver/Src/stm32l4xx_hal_uart.o
 *fill*         0x08004b0e        0x2 
 .text.__NVIC_SetPriority
                0x08004b10       0x54 ./Middlewares/Third_Party/FreeRTOS/Source/CMSIS_RTOS_V2/cmsis_os2.o
 .text.SysTick_Handler
                0x08004b64       0x20 ./Middlewares/Third_Party/FreeRTOS/Source/CMSIS_RTOS_V2/cmsis_os2.o
                0x08004b64                SysTick_Handler
 .text.SVC_Setup
                0x08004b84       0x12 ./Middlewares/Third_Party/FreeRTOS/Source/CMSIS_RTOS_V2/cmsis_os2.o
 *fill*         0x08004b96        0x2 
 .text.osKernelInitialize
                0x08004b98       0x48 ./Middlewares/Third_Party/FreeRTOS/Source/CMSIS_RTOS_V2/cmsis_os2.o
                0x08004b98                osKernelInitialize
 .text.osKernelStart
                0x08004be0       0x4c ./Middlewares/Third_Party/FreeRTOS/Source/CMSIS_RTOS_V2/cmsis_os2.o
                0x08004be0                osKernelStart
 .text.osThreadNew
                0x08004c2c      0x124 ./Middlewares/Third_Party/FreeRTOS/Source/CMSIS_RTOS_V2/cmsis_os2.o
                0x08004c2c                osThreadNew
 .text.osDelay  0x08004d50       0x36 ./Middlewares/Third_Party/FreeRTOS/Source/CMSIS_RTOS_V2/cmsis_os2.o
                0x08004d50                osDelay
 .text.osMutexNew
                0x08004d86      0x10c ./Middlewares/Third_Party/FreeRTOS/Source/CMSIS_RTOS_V2/cmsis_os2.o
                0x08004d86                osMutexNew
 .text.osMutexAcquire
                0x08004e92       0x96 ./Middlewares/Third_Party/FreeRTOS/Source/CMSIS_RTOS_V2/cmsis_os2.o
                0x08004e92                osMutexAcquire
 .text.osMutexRelease
                0x08004f28       0x7a ./Middlewares/Third_Party/FreeRTOS/Source/CMSIS_RTOS_V2/cmsis_os2.o
                0x08004f28                osMutexRelease
 *fill*         0x08004fa2        0x2 
 .text.vApplicationGetIdleTaskMemory
                0x08004fa4       0x34 ./Middlewares/Third_Party/FreeRTOS/Source/CMSIS_RTOS_V2/cmsis_os2.o
                0x08004fa4                vApplicationGetIdleTaskMemory
 .text.vApplicationGetTimerTaskMemory
                0x08004fd8       0x34 ./Middlewares/Third_Party/FreeRTOS/Source/CMSIS_RTOS_V2/cmsis_os2.o
                0x08004fd8                vApplicationGetTimerTaskMemory
 .text.vListInitialise
                0x0800500c       0x40 ./Middlewares/Third_Party/FreeRTOS/Source/list.o
                0x0800500c                vListInitialise
 .text.vListInitialiseItem
                0x0800504c       0x1a ./Middlewares/Third_Party/FreeRTOS/Source/list.o
                0x0800504c                vListInitialiseItem
 .text.vListInsertEnd
                0x08005066       0x48 ./Middlewares/Third_Party/FreeRTOS/Source/list.o
                0x08005066                vListInsertEnd
 .text.vListInsert
                0x080050ae       0x72 ./Middlewares/Third_Party/FreeRTOS/Source/list.o
                0x080050ae                vListInsert
 .text.uxListRemove
                0x08005120       0x54 ./Middlewares/Third_Party/FreeRTOS/Source/list.o
                0x08005120                uxListRemove
 .text.xQueueGenericReset
                0x08005174       0xd4 ./Middlewares/Third_Party/FreeRTOS/Source/queue.o
                0x08005174                xQueueGenericReset
 .text.xQueueGenericCreateStatic
                0x08005248       0xfa ./Middlewares/Third_Party/FreeRTOS/Source/queue.o
                0x08005248                xQueueGenericCreateStatic
 .text.xQueueGenericCreate
                0x08005342       0x76 ./Middlewares/Third_Party/FreeRTOS/Source/queue.o
                0x08005342                xQueueGenericCreate
 .text.prvInitialiseNewQueue
                0x080053b8       0x46 ./Middlewares/Third_Party/FreeRTOS/Source/queue.o
 .text.prvInitialiseMutex
                0x080053fe       0x34 ./Middlewares/Third_Party/FreeRTOS/Source/queue.o
 .text.xQueueCreateMutex
                0x08005432       0x30 ./Middlewares/Third_Party/FreeRTOS/Source/queue.o
                0x08005432                xQueueCreateMutex
 .text.xQueueCreateMutexStatic
                0x08005462       0x36 ./Middlewares/Third_Party/FreeRTOS/Source/queue.o
                0x08005462                xQueueCreateMutexStatic
 .text.xQueueGiveMutexRecursive
                0x08005498       0x6a ./Middlewares/Third_Party/FreeRTOS/Source/queue.o
                0x08005498                xQueueGiveMutexRecursive
 .text.xQueueTakeMutexRecursive
                0x08005502       0x6e ./Middlewares/Third_Party/FreeRTOS/Source/queue.o
                0x08005502                xQueueTakeMutexRecursive
 .text.xQueueGenericSend
                0x08005570      0x204 ./Middlewares/Third_Party/FreeRTOS/Source/queue.o
                0x08005570                xQueueGenericSend
 .text.xQueueGenericSendFromISR
                0x08005774      0x13c ./Middlewares/Third_Party/FreeRTOS/Source/queue.o
                0x08005774                xQueueGenericSendFromISR
 .text.xQueueReceive
                0x080058b0      0x1c4 ./Middlewares/Third_Party/FreeRTOS/Source/queue.o
                0x080058b0                xQueueReceive
 .text.xQueueSemaphoreTake
                0x08005a74      0x220 ./Middlewares/Third_Party/FreeRTOS/Source/queue.o
                0x08005a74                xQueueSemaphoreTake
 .text.prvGetDisinheritPriorityAfterTimeout
                0x08005c94       0x30 ./Middlewares/Third_Party/FreeRTOS/Source/queue.o
 .text.prvCopyDataToQueue
                0x08005cc4       0xd4 ./Middlewares/Third_Party/FreeRTOS/Source/queue.o
 .text.prvCopyDataFromQueue
                0x08005d98       0x4c ./Middlewares/Third_Party/FreeRTOS/Source/queue.o
 .text.prvUnlockQueue
                0x08005de4       0xa4 ./Middlewares/Third_Party/FreeRTOS/Source/queue.o
 .text.prvIsQueueEmpty
                0x08005e88       0x2c ./Middlewares/Third_Party/FreeRTOS/Source/queue.o
 .text.prvIsQueueFull
                0x08005eb4       0x30 ./Middlewares/Third_Party/FreeRTOS/Source/queue.o
 .text.vQueueAddToRegistry
                0x08005ee4       0x54 ./Middlewares/Third_Party/FreeRTOS/Source/queue.o
                0x08005ee4                vQueueAddToRegistry
 .text.vQueueWaitForMessageRestricted
                0x08005f38       0x68 ./Middlewares/Third_Party/FreeRTOS/Source/queue.o
                0x08005f38                vQueueWaitForMessageRestricted
 .text.xTaskCreateStatic
                0x08005fa0       0xc0 ./Middlewares/Third_Party/FreeRTOS/Source/tasks.o
                0x08005fa0                xTaskCreateStatic
 .text.xTaskCreate
                0x08006060       0x8a ./Middlewares/Third_Party/FreeRTOS/Source/tasks.o
                0x08006060                xTaskCreate
 .text.prvInitialiseNewTask
                0x080060ea      0x120 ./Middlewares/Third_Party/FreeRTOS/Source/tasks.o
 *fill*         0x0800620a        0x2 
 .text.prvAddNewTaskToReadyList
                0x0800620c       0xe0 ./Middlewares/Third_Party/FreeRTOS/Source/tasks.o
 .text.vTaskDelay
                0x080062ec       0x6c ./Middlewares/Third_Party/FreeRTOS/Source/tasks.o
                0x080062ec                vTaskDelay
 .text.vTaskStartScheduler
                0x08006358       0xd0 ./Middlewares/Third_Party/FreeRTOS/Source/tasks.o
                0x08006358                vTaskStartScheduler
 .text.vTaskSuspendAll
                0x08006428       0x1c ./Middlewares/Third_Party/FreeRTOS/Source/tasks.o
                0x08006428                vTaskSuspendAll
 .text.xTaskResumeAll
                0x08006444      0x13c ./Middlewares/Third_Party/FreeRTOS/Source/tasks.o
                0x08006444                xTaskResumeAll
 .text.xTaskGetTickCount
                0x08006580       0x20 ./Middlewares/Third_Party/FreeRTOS/Source/tasks.o
                0x08006580                xTaskGetTickCount
 .text.xTaskIncrementTick
                0x080065a0      0x174 ./Middlewares/Third_Party/FreeRTOS/Source/tasks.o
                0x080065a0                xTaskIncrementTick
 .text.vTaskSwitchContext
                0x08006714       0xbc ./Middlewares/Third_Party/FreeRTOS/Source/tasks.o
                0x08006714                vTaskSwitchContext
 .text.vTaskPlaceOnEventList
                0x080067d0       0x4c ./Middlewares/Third_Party/FreeRTOS/Source/tasks.o
                0x080067d0                vTaskPlaceOnEventList
 .text.vTaskPlaceOnEventListRestricted
                0x0800681c       0x58 ./Middlewares/Third_Party/FreeRTOS/Source/tasks.o
                0x0800681c                vTaskPlaceOnEventListRestricted
 .text.xTaskRemoveFromEventList
                0x08006874       0xc8 ./Middlewares/Third_Party/FreeRTOS/Source/tasks.o
                0x08006874                xTaskRemoveFromEventList
 .text.vTaskInternalSetTimeOutState
                0x0800693c       0x2c ./Middlewares/Third_Party/FreeRTOS/Source/tasks.o
                0x0800693c                vTaskInternalSetTimeOutState
 .text.xTaskCheckForTimeOut
                0x08006968       0xc8 ./Middlewares/Third_Party/FreeRTOS/Source/tasks.o
                0x08006968                xTaskCheckForTimeOut
 .text.vTaskMissedYield
                0x08006a30       0x18 ./Middlewares/Third_Party/FreeRTOS/Source/tasks.o
                0x08006a30                vTaskMissedYield
 .text.prvIdleTask
                0x08006a48       0x30 ./Middlewares/Third_Party/FreeRTOS/Source/tasks.o
 .text.prvInitialiseTaskLists
                0x08006a78       0x80 ./Middlewares/Third_Party/FreeRTOS/Source/tasks.o
 .text.prvCheckTasksWaitingTermination
                0x08006af8       0x5c ./Middlewares/Third_Party/FreeRTOS/Source/tasks.o
 .text.prvDeleteTCB
                0x08006b54       0x60 ./Middlewares/Third_Party/FreeRTOS/Source/tasks.o
 .text.prvResetNextTaskUnblockTime
                0x08006bb4       0x40 ./Middlewares/Third_Party/FreeRTOS/Source/tasks.o
 .text.xTaskGetCurrentTaskHandle
                0x08006bf4       0x20 ./Middlewares/Third_Party/FreeRTOS/Source/tasks.o
                0x08006bf4                xTaskGetCurrentTaskHandle
 .text.xTaskGetSchedulerState
                0x08006c14       0x3c ./Middlewares/Third_Party/FreeRTOS/Source/tasks.o
                0x08006c14                xTaskGetSchedulerState
 .text.xTaskPriorityInherit
                0x08006c50       0xd0 ./Middlewares/Third_Party/FreeRTOS/Source/tasks.o
                0x08006c50                xTaskPriorityInherit
 .text.xTaskPriorityDisinherit
                0x08006d20       0xe0 ./Middlewares/Third_Party/FreeRTOS/Source/tasks.o
                0x08006d20                xTaskPriorityDisinherit
 .text.vTaskPriorityDisinheritAfterTimeout
                0x08006e00      0x108 ./Middlewares/Third_Party/FreeRTOS/Source/tasks.o
                0x08006e00                vTaskPriorityDisinheritAfterTimeout
 .text.pvTaskIncrementMutexHeldCount
                0x08006f08       0x28 ./Middlewares/Third_Party/FreeRTOS/Source/tasks.o
                0x08006f08                pvTaskIncrementMutexHeldCount
 .text.prvAddCurrentTaskToDelayedList
                0x08006f30       0xa8 ./Middlewares/Third_Party/FreeRTOS/Source/tasks.o
 .text.xTimerCreateTimerTask
                0x08006fd8       0x94 ./Middlewares/Third_Party/FreeRTOS/Source/timers.o
                0x08006fd8                xTimerCreateTimerTask
 .text.xTimerGenericCommand
                0x0800706c       0x9c ./Middlewares/Third_Party/FreeRTOS/Source/timers.o
                0x0800706c                xTimerGenericCommand
 .text.prvProcessExpiredTimer
                0x08007108       0x9c ./Middlewares/Third_Party/FreeRTOS/Source/timers.o
 .text.prvTimerTask
                0x080071a4       0x26 ./Middlewares/Third_Party/FreeRTOS/Source/timers.o
 *fill*         0x080071ca        0x2 
 .text.prvProcessTimerOrBlockTask
                0x080071cc       0x9c ./Middlewares/Third_Party/FreeRTOS/Source/timers.o
 .text.prvGetNextExpireTime
                0x08007268       0x48 ./Middlewares/Third_Party/FreeRTOS/Source/timers.o
 .text.prvSampleTimeNow
                0x080072b0       0x40 ./Middlewares/Third_Party/FreeRTOS/Source/timers.o
 .text.prvInsertTimerInActiveList
                0x080072f0       0x84 ./Middlewares/Third_Party/FreeRTOS/Source/timers.o
 .text.prvProcessReceivedCommands
                0x08007374      0x1cc ./Middlewares/Third_Party/FreeRTOS/Source/timers.o
 .text.prvSwitchTimerLists
                0x08007540       0xcc ./Middlewares/Third_Party/FreeRTOS/Source/timers.o
 .text.prvCheckForValidListAndQueue
                0x0800760c       0x80 ./Middlewares/Third_Party/FreeRTOS/Source/timers.o
 .text.pxPortInitialiseStack
                0x0800768c       0x68 ./Middlewares/Third_Party/FreeRTOS/Source/portable/GCC/ARM_CM4F/port.o
                0x0800768c                pxPortInitialiseStack
 .text.prvTaskExitError
                0x080076f4       0x5c ./Middlewares/Third_Party/FreeRTOS/Source/portable/GCC/ARM_CM4F/port.o
 .text.SVC_Handler
                0x08007750       0x28 ./Middlewares/Third_Party/FreeRTOS/Source/portable/GCC/ARM_CM4F/port.o
                0x08007750                SVC_Handler
 .text.prvPortStartFirstTask
                0x08007778       0x28 ./Middlewares/Third_Party/FreeRTOS/Source/portable/GCC/ARM_CM4F/port.o
 .text.xPortStartScheduler
                0x080077a0      0x148 ./Middlewares/Third_Party/FreeRTOS/Source/portable/GCC/ARM_CM4F/port.o
                0x080077a0                xPortStartScheduler
 .text.vPortEnterCritical
                0x080078e8       0x64 ./Middlewares/Third_Party/FreeRTOS/Source/portable/GCC/ARM_CM4F/port.o
                0x080078e8                vPortEnterCritical
 .text.vPortExitCritical
                0x0800794c       0x54 ./Middlewares/Third_Party/FreeRTOS/Source/portable/GCC/ARM_CM4F/port.o
                0x0800794c                vPortExitCritical
 .text.PendSV_Handler
                0x080079a0       0x68 ./Middlewares/Third_Party/FreeRTOS/Source/portable/GCC/ARM_CM4F/port.o
                0x080079a0                PendSV_Handler
 .text.xPortSysTickHandler
                0x08007a08       0x44 ./Middlewares/Third_Party/FreeRTOS/Source/portable/GCC/ARM_CM4F/port.o
                0x08007a08                xPortSysTickHandler
 .text.vPortSetupTimerInterrupt
                0x08007a4c       0x48 ./Middlewares/Third_Party/FreeRTOS/Source/portable/GCC/ARM_CM4F/port.o
                0x08007a4c                vPortSetupTimerInterrupt
 .text.vPortEnableVFP
                0x08007a94       0x14 ./Middlewares/Third_Party/FreeRTOS/Source/portable/GCC/ARM_CM4F/port.o
 .text.vPortValidateInterruptPriority
                0x08007aa8       0x84 ./Middlewares/Third_Party/FreeRTOS/Source/portable/GCC/ARM_CM4F/port.o
                0x08007aa8                vPortValidateInterruptPriority
 .text.pvPortMalloc
                0x08007b2c      0x19c ./Middlewares/Third_Party/FreeRTOS/Source/portable/MemMang/heap_4.o
                0x08007b2c                pvPortMalloc
 .text.vPortFree
                0x08007cc8       0xc8 ./Middlewares/Third_Party/FreeRTOS/Source/portable/MemMang/heap_4.o
                0x08007cc8                vPortFree
 .text.prvHeapInit
                0x08007d90       0xc4 ./Middlewares/Third_Party/FreeRTOS/Source/portable/MemMang/heap_4.o
 .text.prvInsertBlockIntoFreeList
                0x08007e54       0xb4 ./Middlewares/Third_Party/FreeRTOS/Source/portable/MemMang/heap_4.o
 .text.memset   0x08007f08       0x10 C:/ST/STM32CubeIDE_1.16.1/STM32CubeIDE/plugins/com.st.stm32cube.ide.mcu.externaltools.gnu-tools-for-stm32.12.3.rel1.win32_1.0.200.202406191623/tools/bin/../lib/gcc/arm-none-eabi/12.3.1/../../../../arm-none-eabi/lib/thumb/v7e-m+fp/hard\libc_nano.a(libc_a-memset.o)
                0x08007f08                memset
 .text.__libc_init_array
                0x08007f18       0x48 C:/ST/STM32CubeIDE_1.16.1/STM32CubeIDE/plugins/com.st.stm32cube.ide.mcu.externaltools.gnu-tools-for-stm32.12.3.rel1.win32_1.0.200.202406191623/tools/bin/../lib/gcc/arm-none-eabi/12.3.1/../../../../arm-none-eabi/lib/thumb/v7e-m+fp/hard\libc_nano.a(libc_a-init.o)
                0x08007f18                __libc_init_array
 .text.memcpy   0x08007f60       0x1c C:/ST/STM32CubeIDE_1.16.1/STM32CubeIDE/plugins/com.st.stm32cube.ide.mcu.externaltools.gnu-tools-for-stm32.12.3.rel1.win32_1.0.200.202406191623/tools/bin/../lib/gcc/arm-none-eabi/12.3.1/../../../../arm-none-eabi/lib/thumb/v7e-m+fp/hard\libc_nano.a(libc_a-memcpy-stub.o)
                0x08007f60                memcpy
 *(.glue_7)
 .glue_7        0x08007f7c        0x0 linker stubs
 *(.glue_7t)
 .glue_7t       0x08007f7c        0x0 linker stubs
 *(.eh_frame)
 .eh_frame      0x08007f7c        0x0 C:/ST/STM32CubeIDE_1.16.1/STM32CubeIDE/plugins/com.st.stm32cube.ide.mcu.externaltools.gnu-tools-for-stm32.12.3.rel1.win32_1.0.200.202406191623/tools/bin/../lib/gcc/arm-none-eabi/12.3.1/thumb/v7e-m+fp/hard/crtbegin.o
 *(.init)
 .init          0x08007f7c        0x4 C:/ST/STM32CubeIDE_1.16.1/STM32CubeIDE/plugins/com.st.stm32cube.ide.mcu.externaltools.gnu-tools-for-stm32.12.3.rel1.win32_1.0.200.202406191623/tools/bin/../lib/gcc/arm-none-eabi/12.3.1/thumb/v7e-m+fp/hard/crti.o
                0x08007f7c                _init
 .init          0x08007f80        0x8 C:/ST/STM32CubeIDE_1.16.1/STM32CubeIDE/plugins/com.st.stm32cube.ide.mcu.externaltools.gnu-tools-for-stm32.12.3.rel1.win32_1.0.200.202406191623/tools/bin/../lib/gcc/arm-none-eabi/12.3.1/thumb/v7e-m+fp/hard/crtn.o
 *(.fini)
 .fini          0x08007f88        0x4 C:/ST/STM32CubeIDE_1.16.1/STM32CubeIDE/plugins/com.st.stm32cube.ide.mcu.externaltools.gnu-tools-for-stm32.12.3.rel1.win32_1.0.200.202406191623/tools/bin/../lib/gcc/arm-none-eabi/12.3.1/thumb/v7e-m+fp/hard/crti.o
                0x08007f88                _fini
 .fini          0x08007f8c        0x8 C:/ST/STM32CubeIDE_1.16.1/STM32CubeIDE/plugins/com.st.stm32cube.ide.mcu.externaltools.gnu-tools-for-stm32.12.3.rel1.win32_1.0.200.202406191623/tools/bin/../lib/gcc/arm-none-eabi/12.3.1/thumb/v7e-m+fp/hard/crtn.o
                0x08007f94                        . = ALIGN (0x4)
                0x08007f94                        _etext = .

.vfp11_veneer   0x08007f94        0x0
 .vfp11_veneer  0x08007f94        0x0 linker stubs

.v4_bx          0x08007f94        0x0
 .v4_bx         0x08007f94        0x0 linker stubs

.iplt           0x08007f94        0x0
 .iplt          0x08007f94        0x0 C:/ST/STM32CubeIDE_1.16.1/STM32CubeIDE/plugins/com.st.stm32cube.ide.mcu.externaltools.gnu-tools-for-stm32.12.3.rel1.win32_1.0.200.202406191623/tools/bin/../lib/gcc/arm-none-eabi/12.3.1/thumb/v7e-m+fp/hard/crtbegin.o

.rodata         0x08007f94       0xf0
                0x08007f94                        . = ALIGN (0x4)
 *(.rodata)
 .rodata        0x08007f94       0x24 ./Core/Src/freertos.o
 .rodata        0x08007fb8        0x5 ./Middlewares/Third_Party/FreeRTOS/Source/tasks.o
 *fill*         0x08007fbd        0x3 
 .rodata        0x08007fc0        0xd ./Middlewares/Third_Party/FreeRTOS/Source/timers.o
 *(.rodata*)
 *fill*         0x08007fcd        0x3 
 .rodata.defaultTask_attributes
                0x08007fd0       0x24 ./Core/Src/freertos.o
                0x08007fd0                defaultTask_attributes
 .rodata.pedestrianTask_attributes
                0x08007ff4       0x24 ./Core/Src/freertos.o
                0x08007ff4                pedestrianTask_attributes
 .rodata.carTask_attributes
                0x08008018       0x24 ./Core/Src/freertos.o
                0x08008018                carTask_attributes
 .rodata.AHBPrescTable
                0x0800803c       0x10 ./Core/Src/system_stm32l4xx.o
                0x0800803c                AHBPrescTable
 .rodata.APBPrescTable
                0x0800804c        0x8 ./Core/Src/system_stm32l4xx.o
                0x0800804c                APBPrescTable
 .rodata.MSIRangeTable
                0x08008054       0x30 ./Core/Src/system_stm32l4xx.o
                0x08008054                MSIRangeTable
                0x08008084                        . = ALIGN (0x4)

.ARM.extab      0x08008084        0x0
                0x08008084                        . = ALIGN (0x4)
 *(.ARM.extab* .gnu.linkonce.armextab.*)
                0x08008084                        . = ALIGN (0x4)

.ARM            0x08008084        0x8
                0x08008084                        . = ALIGN (0x4)
                0x08008084                        __exidx_start = .
 *(.ARM.exidx*)
 .ARM.exidx     0x08008084        0x8 C:/ST/STM32CubeIDE_1.16.1/STM32CubeIDE/plugins/com.st.stm32cube.ide.mcu.externaltools.gnu-tools-for-stm32.12.3.rel1.win32_1.0.200.202406191623/tools/bin/../lib/gcc/arm-none-eabi/12.3.1/thumb/v7e-m+fp/hard\libgcc.a(_udivmoddi4.o)
                0x0800808c                        __exidx_end = .
                0x0800808c                        . = ALIGN (0x4)

.preinit_array  0x0800808c        0x0
                0x0800808c                        . = ALIGN (0x4)
                0x0800808c                        PROVIDE (__preinit_array_start = .)
 *(.preinit_array*)
                0x0800808c                        PROVIDE (__preinit_array_end = .)
                0x0800808c                        . = ALIGN (0x4)

.init_array     0x0800808c        0x4
                0x0800808c                        . = ALIGN (0x4)
                0x0800808c                        PROVIDE (__init_array_start = .)
 *(SORT_BY_NAME(.init_array.*))
 *(.init_array*)
 .init_array    0x0800808c        0x4 C:/ST/STM32CubeIDE_1.16.1/STM32CubeIDE/plugins/com.st.stm32cube.ide.mcu.externaltools.gnu-tools-for-stm32.12.3.rel1.win32_1.0.200.202406191623/tools/bin/../lib/gcc/arm-none-eabi/12.3.1/thumb/v7e-m+fp/hard/crtbegin.o
                0x08008090                        PROVIDE (__init_array_end = .)
                0x08008090                        . = ALIGN (0x4)

.fini_array     0x08008090        0x4
                0x08008090                        . = ALIGN (0x4)
                [!provide]                        PROVIDE (__fini_array_start = .)
 *(SORT_BY_NAME(.fini_array.*))
 *(.fini_array*)
 .fini_array    0x08008090        0x4 C:/ST/STM32CubeIDE_1.16.1/STM32CubeIDE/plugins/com.st.stm32cube.ide.mcu.externaltools.gnu-tools-for-stm32.12.3.rel1.win32_1.0.200.202406191623/tools/bin/../lib/gcc/arm-none-eabi/12.3.1/thumb/v7e-m+fp/hard/crtbegin.o
                [!provide]                        PROVIDE (__fini_array_end = .)
                0x08008094                        . = ALIGN (0x4)
                0x08008094                        _sidata = LOADADDR (.data)

.rel.dyn        0x08008094        0x0
 .rel.iplt      0x08008094        0x0 C:/ST/STM32CubeIDE_1.16.1/STM32CubeIDE/plugins/com.st.stm32cube.ide.mcu.externaltools.gnu-tools-for-stm32.12.3.rel1.win32_1.0.200.202406191623/tools/bin/../lib/gcc/arm-none-eabi/12.3.1/thumb/v7e-m+fp/hard/crtbegin.o

.data           0x20000000       0x10 load address 0x08008094
                0x20000000                        . = ALIGN (0x4)
                0x20000000                        _sdata = .
 *(.data)
 *(.data*)
 .data.SystemCoreClock
                0x20000000        0x4 ./Core/Src/system_stm32l4xx.o
                0x20000000                SystemCoreClock
 .data.uwTickPrio
                0x20000004        0x4 ./Drivers/STM32L4xx_HAL_Driver/Src/stm32l4xx_hal.o
                0x20000004                uwTickPrio
 .data.uwTickFreq
                0x20000008        0x1 ./Drivers/STM32L4xx_HAL_Driver/Src/stm32l4xx_hal.o
                0x20000008                uwTickFreq
 *fill*         0x20000009        0x3 
 .data.uxCriticalNesting
                0x2000000c        0x4 ./Middlewares/Third_Party/FreeRTOS/Source/portable/GCC/ARM_CM4F/port.o
 *(.RamFunc)
 *(.RamFunc*)
                0x20000010                        . = ALIGN (0x4)
                0x20000010                        _edata = .

.igot.plt       0x20000010        0x0 load address 0x080080a4
 .igot.plt      0x20000010        0x0 C:/ST/STM32CubeIDE_1.16.1/STM32CubeIDE/plugins/com.st.stm32cube.ide.mcu.externaltools.gnu-tools-for-stm32.12.3.rel1.win32_1.0.200.202406191623/tools/bin/../lib/gcc/arm-none-eabi/12.3.1/thumb/v7e-m+fp/hard/crtbegin.o
                0x20000010                        . = ALIGN (0x4)

.bss            0x20000010     0x1ac4 load address 0x080080a4
                0x20000010                        _sbss = .
                0x20000010                        __bss_start__ = _sbss
 *(.bss)
 .bss           0x20000010       0x1c C:/ST/STM32CubeIDE_1.16.1/STM32CubeIDE/plugins/com.st.stm32cube.ide.mcu.externaltools.gnu-tools-for-stm32.12.3.rel1.win32_1.0.200.202406191623/tools/bin/../lib/gcc/arm-none-eabi/12.3.1/thumb/v7e-m+fp/hard/crtbegin.o
 *(.bss*)
 .bss.intersectionMutex
                0x2000002c        0x4 ./Core/Src/freertos.o
                0x2000002c                intersectionMutex
 .bss.intersection
                0x20000030       0x54 ./Core/Src/freertos.o
                0x20000030                intersection
 .bss.defaultTaskHandle
                0x20000084        0x4 ./Core/Src/freertos.o
                0x20000084                defaultTaskHandle
 .bss.pedestrianTaskHandle
                0x20000088        0x4 ./Core/Src/freertos.o
                0x20000088                pedestrianTaskHandle
 .bss.carTaskHandle
                0x2000008c        0x4 ./Core/Src/freertos.o
                0x2000008c                carTaskHandle
 .bss.hspi3     0x20000090       0x64 ./Core/Src/spi.o
                0x20000090                hspi3
 .bss.htim1     0x200000f4       0x4c ./Core/Src/stm32l4xx_hal_timebase_tim.o
                0x200000f4                htim1
 .bss.huart2    0x20000140       0x88 ./Core/Src/usart.o
                0x20000140                huart2
 .bss.uwTick    0x200001c8        0x4 ./Drivers/STM32L4xx_HAL_Driver/Src/stm32l4xx_hal.o
                0x200001c8                uwTick
 .bss.KernelState
                0x200001cc        0x4 ./Middlewares/Third_Party/FreeRTOS/Source/CMSIS_RTOS_V2/cmsis_os2.o
 .bss.Idle_TCB.3
                0x200001d0       0x5c ./Middlewares/Third_Party/FreeRTOS/Source/CMSIS_RTOS_V2/cmsis_os2.o
 .bss.Idle_Stack.2
                0x2000022c      0x200 ./Middlewares/Third_Party/FreeRTOS/Source/CMSIS_RTOS_V2/cmsis_os2.o
 .bss.Timer_TCB.1
                0x2000042c       0x5c ./Middlewares/Third_Party/FreeRTOS/Source/CMSIS_RTOS_V2/cmsis_os2.o
 .bss.Timer_Stack.0
                0x20000488      0x400 ./Middlewares/Third_Party/FreeRTOS/Source/CMSIS_RTOS_V2/cmsis_os2.o
 .bss.xQueueRegistry
                0x20000888       0x40 ./Middlewares/Third_Party/FreeRTOS/Source/queue.o
                0x20000888                xQueueRegistry
 .bss.pxCurrentTCB
                0x200008c8        0x4 ./Middlewares/Third_Party/FreeRTOS/Source/tasks.o
                0x200008c8                pxCurrentTCB
 .bss.pxReadyTasksLists
                0x200008cc      0x460 ./Middlewares/Third_Party/FreeRTOS/Source/tasks.o
 .bss.xDelayedTaskList1
                0x20000d2c       0x14 ./Middlewares/Third_Party/FreeRTOS/Source/tasks.o
 .bss.xDelayedTaskList2
                0x20000d40       0x14 ./Middlewares/Third_Party/FreeRTOS/Source/tasks.o
 .bss.pxDelayedTaskList
                0x20000d54        0x4 ./Middlewares/Third_Party/FreeRTOS/Source/tasks.o
 .bss.pxOverflowDelayedTaskList
                0x20000d58        0x4 ./Middlewares/Third_Party/FreeRTOS/Source/tasks.o
 .bss.xPendingReadyList
                0x20000d5c       0x14 ./Middlewares/Third_Party/FreeRTOS/Source/tasks.o
 .bss.xTasksWaitingTermination
                0x20000d70       0x14 ./Middlewares/Third_Party/FreeRTOS/Source/tasks.o
 .bss.uxDeletedTasksWaitingCleanUp
                0x20000d84        0x4 ./Middlewares/Third_Party/FreeRTOS/Source/tasks.o
 .bss.xSuspendedTaskList
                0x20000d88       0x14 ./Middlewares/Third_Party/FreeRTOS/Source/tasks.o
 .bss.uxCurrentNumberOfTasks
                0x20000d9c        0x4 ./Middlewares/Third_Party/FreeRTOS/Source/tasks.o
 .bss.xTickCount
                0x20000da0        0x4 ./Middlewares/Third_Party/FreeRTOS/Source/tasks.o
 .bss.uxTopReadyPriority
                0x20000da4        0x4 ./Middlewares/Third_Party/FreeRTOS/Source/tasks.o
 .bss.xSchedulerRunning
                0x20000da8        0x4 ./Middlewares/Third_Party/FreeRTOS/Source/tasks.o
 .bss.xPendedTicks
                0x20000dac        0x4 ./Middlewares/Third_Party/FreeRTOS/Source/tasks.o
 .bss.xYieldPending
                0x20000db0        0x4 ./Middlewares/Third_Party/FreeRTOS/Source/tasks.o
 .bss.xNumOfOverflows
                0x20000db4        0x4 ./Middlewares/Third_Party/FreeRTOS/Source/tasks.o
 .bss.uxTaskNumber
                0x20000db8        0x4 ./Middlewares/Third_Party/FreeRTOS/Source/tasks.o
 .bss.xNextTaskUnblockTime
                0x20000dbc        0x4 ./Middlewares/Third_Party/FreeRTOS/Source/tasks.o
 .bss.xIdleTaskHandle
                0x20000dc0        0x4 ./Middlewares/Third_Party/FreeRTOS/Source/tasks.o
 .bss.uxSchedulerSuspended
                0x20000dc4        0x4 ./Middlewares/Third_Party/FreeRTOS/Source/tasks.o
 .bss.xActiveTimerList1
                0x20000dc8       0x14 ./Middlewares/Third_Party/FreeRTOS/Source/timers.o
 .bss.xActiveTimerList2
                0x20000ddc       0x14 ./Middlewares/Third_Party/FreeRTOS/Source/timers.o
 .bss.pxCurrentTimerList
                0x20000df0        0x4 ./Middlewares/Third_Party/FreeRTOS/Source/timers.o
 .bss.pxOverflowTimerList
                0x20000df4        0x4 ./Middlewares/Third_Party/FreeRTOS/Source/timers.o
 .bss.xTimerQueue
                0x20000df8        0x4 ./Middlewares/Third_Party/FreeRTOS/Source/timers.o
 .bss.xTimerTaskHandle
                0x20000dfc        0x4 ./Middlewares/Third_Party/FreeRTOS/Source/timers.o
 .bss.xLastTime.2
                0x20000e00        0x4 ./Middlewares/Third_Party/FreeRTOS/Source/timers.o
 .bss.ucStaticTimerQueueStorage.1
                0x20000e04       0xa0 ./Middlewares/Third_Party/FreeRTOS/Source/timers.o
 .bss.xStaticTimerQueue.0
                0x20000ea4       0x50 ./Middlewares/Third_Party/FreeRTOS/Source/timers.o
 .bss.ucMaxSysCallPriority
                0x20000ef4        0x1 ./Middlewares/Third_Party/FreeRTOS/Source/portable/GCC/ARM_CM4F/port.o
 *fill*         0x20000ef5        0x3 
 .bss.ulMaxPRIGROUPValue
                0x20000ef8        0x4 ./Middlewares/Third_Party/FreeRTOS/Source/portable/GCC/ARM_CM4F/port.o
 .bss.ucHeap    0x20000efc      0xbb8 ./Middlewares/Third_Party/FreeRTOS/Source/portable/MemMang/heap_4.o
 .bss.xStart    0x20001ab4        0x8 ./Middlewares/Third_Party/FreeRTOS/Source/portable/MemMang/heap_4.o
 .bss.pxEnd     0x20001abc        0x4 ./Middlewares/Third_Party/FreeRTOS/Source/portable/MemMang/heap_4.o
 .bss.xFreeBytesRemaining
                0x20001ac0        0x4 ./Middlewares/Third_Party/FreeRTOS/Source/portable/MemMang/heap_4.o
 .bss.xMinimumEverFreeBytesRemaining
                0x20001ac4        0x4 ./Middlewares/Third_Party/FreeRTOS/Source/portable/MemMang/heap_4.o
 .bss.xNumberOfSuccessfulAllocations
                0x20001ac8        0x4 ./Middlewares/Third_Party/FreeRTOS/Source/portable/MemMang/heap_4.o
 .bss.xNumberOfSuccessfulFrees
                0x20001acc        0x4 ./Middlewares/Third_Party/FreeRTOS/Source/portable/MemMang/heap_4.o
 .bss.xBlockAllocatedBit
                0x20001ad0        0x4 ./Middlewares/Third_Party/FreeRTOS/Source/portable/MemMang/heap_4.o
 *(COMMON)
                0x20001ad4                        . = ALIGN (0x4)
                0x20001ad4                        _ebss = .
                0x20001ad4                        __bss_end__ = _ebss

._user_heap_stack
                0x20001ad4      0x604 load address 0x080080a4
                0x20001ad8                        . = ALIGN (0x8)
 *fill*         0x20001ad4        0x4 
                [!provide]                        PROVIDE (end = .)
                0x20001ad8                        PROVIDE (_end = .)
                0x20001cd8                        . = (. + _Min_Heap_Size)
 *fill*         0x20001ad8      0x200 
                0x200020d8                        . = (. + _Min_Stack_Size)
 *fill*         0x20001cd8      0x400 
                0x200020d8                        . = ALIGN (0x8)

/DISCARD/
 libc.a(*)
 libm.a(*)
 libgcc.a(*)

.ARM.attributes
                0x00000000       0x30
 *(.ARM.attributes)
 .ARM.attributes
                0x00000000       0x22 C:/ST/STM32CubeIDE_1.16.1/STM32CubeIDE/plugins/com.st.stm32cube.ide.mcu.externaltools.gnu-tools-for-stm32.12.3.rel1.win32_1.0.200.202406191623/tools/bin/../lib/gcc/arm-none-eabi/12.3.1/thumb/v7e-m+fp/hard/crti.o
 .ARM.attributes
                0x00000022       0x34 C:/ST/STM32CubeIDE_1.16.1/STM32CubeIDE/plugins/com.st.stm32cube.ide.mcu.externaltools.gnu-tools-for-stm32.12.3.rel1.win32_1.0.200.202406191623/tools/bin/../lib/gcc/arm-none-eabi/12.3.1/thumb/v7e-m+fp/hard/crtbegin.o
 .ARM.attributes
                0x00000056       0x34 ./Core/Src/Light/carLights.o
 .ARM.attributes
                0x0000008a       0x34 ./Core/Src/Light/pedestrianLights.o
 .ARM.attributes
                0x000000be       0x34 ./Core/Src/Logic/carLogic.o
 .ARM.attributes
                0x000000f2       0x34 ./Core/Src/Logic/pedestrianLogic.o
 .ARM.attributes
                0x00000126       0x34 ./Core/Src/freertos.o
 .ARM.attributes
                0x0000015a       0x34 ./Core/Src/gpio.o
 .ARM.attributes
                0x0000018e       0x34 ./Core/Src/intersection.o
 .ARM.attributes
                0x000001c2       0x34 ./Core/Src/main.o
 .ARM.attributes
                0x000001f6       0x34 ./Core/Src/spi.o
 .ARM.attributes
                0x0000022a       0x34 ./Core/Src/spiCommunication.o
 .ARM.attributes
                0x0000025e       0x34 ./Core/Src/stm32l4xx_hal_msp.o
 .ARM.attributes
                0x00000292       0x34 ./Core/Src/stm32l4xx_hal_timebase_tim.o
 .ARM.attributes
                0x000002c6       0x34 ./Core/Src/stm32l4xx_it.o
 .ARM.attributes
                0x000002fa       0x34 ./Core/Src/system_stm32l4xx.o
 .ARM.attributes
                0x0000032e       0x34 ./Core/Src/usart.o
 .ARM.attributes
                0x00000362       0x21 ./Core/Startup/startup_stm32l476rgtx.o
 .ARM.attributes
                0x00000383       0x34 ./Drivers/STM32L4xx_HAL_Driver/Src/stm32l4xx_hal.o
 .ARM.attributes
                0x000003b7       0x34 ./Drivers/STM32L4xx_HAL_Driver/Src/stm32l4xx_hal_cortex.o
 .ARM.attributes
                0x000003eb       0x34 ./Drivers/STM32L4xx_HAL_Driver/Src/stm32l4xx_hal_gpio.o
 .ARM.attributes
                0x0000041f       0x34 ./Drivers/STM32L4xx_HAL_Driver/Src/stm32l4xx_hal_pwr_ex.o
 .ARM.attributes
                0x00000453       0x34 ./Drivers/STM32L4xx_HAL_Driver/Src/stm32l4xx_hal_rcc.o
 .ARM.attributes
                0x00000487       0x34 ./Drivers/STM32L4xx_HAL_Driver/Src/stm32l4xx_hal_rcc_ex.o
 .ARM.attributes
                0x000004bb       0x34 ./Drivers/STM32L4xx_HAL_Driver/Src/stm32l4xx_hal_spi.o
 .ARM.attributes
                0x000004ef       0x34 ./Drivers/STM32L4xx_HAL_Driver/Src/stm32l4xx_hal_tim.o
 .ARM.attributes
                0x00000523       0x34 ./Drivers/STM32L4xx_HAL_Driver/Src/stm32l4xx_hal_tim_ex.o
 .ARM.attributes
                0x00000557       0x34 ./Drivers/STM32L4xx_HAL_Driver/Src/stm32l4xx_hal_uart.o
 .ARM.attributes
                0x0000058b       0x34 ./Middlewares/Third_Party/FreeRTOS/Source/CMSIS_RTOS_V2/cmsis_os2.o
 .ARM.attributes
                0x000005bf       0x34 ./Middlewares/Third_Party/FreeRTOS/Source/list.o
 .ARM.attributes
                0x000005f3       0x34 ./Middlewares/Third_Party/FreeRTOS/Source/queue.o
 .ARM.attributes
                0x00000627       0x34 ./Middlewares/Third_Party/FreeRTOS/Source/tasks.o
 .ARM.attributes
                0x0000065b       0x34 ./Middlewares/Third_Party/FreeRTOS/Source/timers.o
 .ARM.attributes
                0x0000068f       0x34 ./Middlewares/Third_Party/FreeRTOS/Source/portable/GCC/ARM_CM4F/port.o
 .ARM.attributes
                0x000006c3       0x34 ./Middlewares/Third_Party/FreeRTOS/Source/portable/MemMang/heap_4.o
 .ARM.attributes
                0x000006f7       0x34 C:/ST/STM32CubeIDE_1.16.1/STM32CubeIDE/plugins/com.st.stm32cube.ide.mcu.externaltools.gnu-tools-for-stm32.12.3.rel1.win32_1.0.200.202406191623/tools/bin/../lib/gcc/arm-none-eabi/12.3.1/../../../../arm-none-eabi/lib/thumb/v7e-m+fp/hard\libc_nano.a(libc_a-memset.o)
 .ARM.attributes
                0x0000072b       0x34 C:/ST/STM32CubeIDE_1.16.1/STM32CubeIDE/plugins/com.st.stm32cube.ide.mcu.externaltools.gnu-tools-for-stm32.12.3.rel1.win32_1.0.200.202406191623/tools/bin/../lib/gcc/arm-none-eabi/12.3.1/../../../../arm-none-eabi/lib/thumb/v7e-m+fp/hard\libc_nano.a(libc_a-init.o)
 .ARM.attributes
                0x0000075f       0x34 C:/ST/STM32CubeIDE_1.16.1/STM32CubeIDE/plugins/com.st.stm32cube.ide.mcu.externaltools.gnu-tools-for-stm32.12.3.rel1.win32_1.0.200.202406191623/tools/bin/../lib/gcc/arm-none-eabi/12.3.1/../../../../arm-none-eabi/lib/thumb/v7e-m+fp/hard\libc_nano.a(libc_a-memcpy-stub.o)
 .ARM.attributes
                0x00000793       0x22 C:/ST/STM32CubeIDE_1.16.1/STM32CubeIDE/plugins/com.st.stm32cube.ide.mcu.externaltools.gnu-tools-for-stm32.12.3.rel1.win32_1.0.200.202406191623/tools/bin/../lib/gcc/arm-none-eabi/12.3.1/thumb/v7e-m+fp/hard\libgcc.a(_aeabi_uldivmod.o)
 .ARM.attributes
                0x000007b5       0x34 C:/ST/STM32CubeIDE_1.16.1/STM32CubeIDE/plugins/com.st.stm32cube.ide.mcu.externaltools.gnu-tools-for-stm32.12.3.rel1.win32_1.0.200.202406191623/tools/bin/../lib/gcc/arm-none-eabi/12.3.1/thumb/v7e-m+fp/hard\libgcc.a(_udivmoddi4.o)
 .ARM.attributes
                0x000007e9       0x22 C:/ST/STM32CubeIDE_1.16.1/STM32CubeIDE/plugins/com.st.stm32cube.ide.mcu.externaltools.gnu-tools-for-stm32.12.3.rel1.win32_1.0.200.202406191623/tools/bin/../lib/gcc/arm-none-eabi/12.3.1/thumb/v7e-m+fp/hard\libgcc.a(_dvmd_tls.o)
 .ARM.attributes
                0x0000080b       0x22 C:/ST/STM32CubeIDE_1.16.1/STM32CubeIDE/plugins/com.st.stm32cube.ide.mcu.externaltools.gnu-tools-for-stm32.12.3.rel1.win32_1.0.200.202406191623/tools/bin/../lib/gcc/arm-none-eabi/12.3.1/thumb/v7e-m+fp/hard/crtn.o
OUTPUT(TrafficIntersectionFreeRTOS.elf elf32-littlearm)
LOAD linker stubs
LOAD C:/ST/STM32CubeIDE_1.16.1/STM32CubeIDE/plugins/com.st.stm32cube.ide.mcu.externaltools.gnu-tools-for-stm32.12.3.rel1.win32_1.0.200.202406191623/tools/bin/../lib/gcc/arm-none-eabi/12.3.1/../../../../arm-none-eabi/lib/thumb/v7e-m+fp/hard\libc.a
LOAD C:/ST/STM32CubeIDE_1.16.1/STM32CubeIDE/plugins/com.st.stm32cube.ide.mcu.externaltools.gnu-tools-for-stm32.12.3.rel1.win32_1.0.200.202406191623/tools/bin/../lib/gcc/arm-none-eabi/12.3.1/../../../../arm-none-eabi/lib/thumb/v7e-m+fp/hard\libm.a
LOAD C:/ST/STM32CubeIDE_1.16.1/STM32CubeIDE/plugins/com.st.stm32cube.ide.mcu.externaltools.gnu-tools-for-stm32.12.3.rel1.win32_1.0.200.202406191623/tools/bin/../lib/gcc/arm-none-eabi/12.3.1/thumb/v7e-m+fp/hard\libgcc.a

.debug_info     0x00000000    0x1d04d
 .debug_info    0x00000000      0x1e5 ./Core/Src/Light/carLights.o
 .debug_info    0x000001e5      0x1f4 ./Core/Src/Light/pedestrianLights.o
 .debug_info    0x000003d9      0x3dc ./Core/Src/Logic/carLogic.o
 .debug_info    0x000007b5      0x40d ./Core/Src/Logic/pedestrianLogic.o
 .debug_info    0x00000bc2      0x84e ./Core/Src/freertos.o
 .debug_info    0x00001410      0x473 ./Core/Src/gpio.o
 .debug_info    0x00001883      0x309 ./Core/Src/intersection.o
 .debug_info    0x00001b8c      0x972 ./Core/Src/main.o
 .debug_info    0x000024fe      0x9a1 ./Core/Src/spi.o
 .debug_info    0x00002e9f      0x715 ./Core/Src/spiCommunication.o
 .debug_info    0x000035b4      0x50d ./Core/Src/stm32l4xx_hal_msp.o
 .debug_info    0x00003ac1      0xc71 ./Core/Src/stm32l4xx_hal_timebase_tim.o
 .debug_info    0x00004732      0x6d1 ./Core/Src/stm32l4xx_it.o
 .debug_info    0x00004e03      0x5b1 ./Core/Src/system_stm32l4xx.o
 .debug_info    0x000053b4      0xd1b ./Core/Src/usart.o
 .debug_info    0x000060cf       0x30 ./Core/Startup/startup_stm32l476rgtx.o
 .debug_info    0x000060ff      0xc09 ./Drivers/STM32L4xx_HAL_Driver/Src/stm32l4xx_hal.o
 .debug_info    0x00006d08      0xd81 ./Drivers/STM32L4xx_HAL_Driver/Src/stm32l4xx_hal_cortex.o
 .debug_info    0x00007a89      0x757 ./Drivers/STM32L4xx_HAL_Driver/Src/stm32l4xx_hal_gpio.o
 .debug_info    0x000081e0      0x99e ./Drivers/STM32L4xx_HAL_Driver/Src/stm32l4xx_hal_pwr_ex.o
 .debug_info    0x00008b7e      0xc14 ./Drivers/STM32L4xx_HAL_Driver/Src/stm32l4xx_hal_rcc.o
 .debug_info    0x00009792      0xe11 ./Drivers/STM32L4xx_HAL_Driver/Src/stm32l4xx_hal_rcc_ex.o
 .debug_info    0x0000a5a3     0x1549 ./Drivers/STM32L4xx_HAL_Driver/Src/stm32l4xx_hal_spi.o
 .debug_info    0x0000baec     0x2a9a ./Drivers/STM32L4xx_HAL_Driver/Src/stm32l4xx_hal_tim.o
 .debug_info    0x0000e586     0x169e ./Drivers/STM32L4xx_HAL_Driver/Src/stm32l4xx_hal_tim_ex.o
 .debug_info    0x0000fc24     0x3b69 ./Drivers/STM32L4xx_HAL_Driver/Src/stm32l4xx_hal_uart.o
 .debug_info    0x0001378d     0x3a71 ./Middlewares/Third_Party/FreeRTOS/Source/CMSIS_RTOS_V2/cmsis_os2.o
 .debug_info    0x000171fe      0x2af ./Middlewares/Third_Party/FreeRTOS/Source/list.o
 .debug_info    0x000174ad     0x1b79 ./Middlewares/Third_Party/FreeRTOS/Source/queue.o
 .debug_info    0x00019026     0x21ec ./Middlewares/Third_Party/FreeRTOS/Source/tasks.o
 .debug_info    0x0001b212     0x1488 ./Middlewares/Third_Party/FreeRTOS/Source/timers.o
 .debug_info    0x0001c69a      0x4de ./Middlewares/Third_Party/FreeRTOS/Source/portable/GCC/ARM_CM4F/port.o
 .debug_info    0x0001cb78      0x4d5 ./Middlewares/Third_Party/FreeRTOS/Source/portable/MemMang/heap_4.o

.debug_abbrev   0x00000000     0x4547
 .debug_abbrev  0x00000000       0xe6 ./Core/Src/Light/carLights.o
 .debug_abbrev  0x000000e6      0x102 ./Core/Src/Light/pedestrianLights.o
 .debug_abbrev  0x000001e8      0x1bb ./Core/Src/Logic/carLogic.o
 .debug_abbrev  0x000003a3      0x1f6 ./Core/Src/Logic/pedestrianLogic.o
 .debug_abbrev  0x00000599      0x1e6 ./Core/Src/freertos.o
 .debug_abbrev  0x0000077f      0x152 ./Core/Src/gpio.o
 .debug_abbrev  0x000008d1      0x11b ./Core/Src/intersection.o
 .debug_abbrev  0x000009ec      0x22e ./Core/Src/main.o
 .debug_abbrev  0x00000c1a      0x1fa ./Core/Src/spi.o
 .debug_abbrev  0x00000e14      0x1ac ./Core/Src/spiCommunication.o
 .debug_abbrev  0x00000fc0      0x107 ./Core/Src/stm32l4xx_hal_msp.o
 .debug_abbrev  0x000010c7      0x1f4 ./Core/Src/stm32l4xx_hal_timebase_tim.o
 .debug_abbrev  0x000012bb      0x17e ./Core/Src/stm32l4xx_it.o
 .debug_abbrev  0x00001439      0x11a ./Core/Src/system_stm32l4xx.o
 .debug_abbrev  0x00001553      0x1f5 ./Core/Src/usart.o
 .debug_abbrev  0x00001748       0x24 ./Core/Startup/startup_stm32l476rgtx.o
 .debug_abbrev  0x0000176c      0x243 ./Drivers/STM32L4xx_HAL_Driver/Src/stm32l4xx_hal.o
 .debug_abbrev  0x000019af      0x31c ./Drivers/STM32L4xx_HAL_Driver/Src/stm32l4xx_hal_cortex.o
 .debug_abbrev  0x00001ccb      0x1cb ./Drivers/STM32L4xx_HAL_Driver/Src/stm32l4xx_hal_gpio.o
 .debug_abbrev  0x00001e96      0x1f9 ./Drivers/STM32L4xx_HAL_Driver/Src/stm32l4xx_hal_pwr_ex.o
 .debug_abbrev  0x0000208f      0x2cb ./Drivers/STM32L4xx_HAL_Driver/Src/stm32l4xx_hal_rcc.o
 .debug_abbrev  0x0000235a      0x2a6 ./Drivers/STM32L4xx_HAL_Driver/Src/stm32l4xx_hal_rcc_ex.o
 .debug_abbrev  0x00002600      0x260 ./Drivers/STM32L4xx_HAL_Driver/Src/stm32l4xx_hal_spi.o
 .debug_abbrev  0x00002860      0x278 ./Drivers/STM32L4xx_HAL_Driver/Src/stm32l4xx_hal_tim.o
 .debug_abbrev  0x00002ad8      0x283 ./Drivers/STM32L4xx_HAL_Driver/Src/stm32l4xx_hal_tim_ex.o
 .debug_abbrev  0x00002d5b      0x2d0 ./Drivers/STM32L4xx_HAL_Driver/Src/stm32l4xx_hal_uart.o
 .debug_abbrev  0x0000302b      0x520 ./Middlewares/Third_Party/FreeRTOS/Source/CMSIS_RTOS_V2/cmsis_os2.o
 .debug_abbrev  0x0000354b       0xf5 ./Middlewares/Third_Party/FreeRTOS/Source/list.o
 .debug_abbrev  0x00003640      0x3b6 ./Middlewares/Third_Party/FreeRTOS/Source/queue.o
 .debug_abbrev  0x000039f6      0x386 ./Middlewares/Third_Party/FreeRTOS/Source/tasks.o
 .debug_abbrev  0x00003d7c      0x352 ./Middlewares/Third_Party/FreeRTOS/Source/timers.o
 .debug_abbrev  0x000040ce      0x25c ./Middlewares/Third_Party/FreeRTOS/Source/portable/GCC/ARM_CM4F/port.o
 .debug_abbrev  0x0000432a      0x21d ./Middlewares/Third_Party/FreeRTOS/Source/portable/MemMang/heap_4.o

.debug_aranges  0x00000000     0x19d0
 .debug_aranges
                0x00000000       0x30 ./Core/Src/Light/carLights.o
 .debug_aranges
                0x00000030       0x28 ./Core/Src/Light/pedestrianLights.o
 .debug_aranges
                0x00000058       0x40 ./Core/Src/Logic/carLogic.o
 .debug_aranges
                0x00000098       0x38 ./Core/Src/Logic/pedestrianLogic.o
 .debug_aranges
                0x000000d0       0x38 ./Core/Src/freertos.o
 .debug_aranges
                0x00000108       0x20 ./Core/Src/gpio.o
 .debug_aranges
                0x00000128       0x20 ./Core/Src/intersection.o
 .debug_aranges
                0x00000148       0x38 ./Core/Src/main.o
 .debug_aranges
                0x00000180       0x30 ./Core/Src/spi.o
 .debug_aranges
                0x000001b0       0x28 ./Core/Src/spiCommunication.o
 .debug_aranges
                0x000001d8       0x20 ./Core/Src/stm32l4xx_hal_msp.o
 .debug_aranges
                0x000001f8       0x30 ./Core/Src/stm32l4xx_hal_timebase_tim.o
 .debug_aranges
                0x00000228       0x50 ./Core/Src/stm32l4xx_it.o
 .debug_aranges
                0x00000278       0x28 ./Core/Src/system_stm32l4xx.o
 .debug_aranges
                0x000002a0       0x30 ./Core/Src/usart.o
 .debug_aranges
                0x000002d0       0x28 ./Core/Startup/startup_stm32l476rgtx.o
 .debug_aranges
                0x000002f8      0x130 ./Drivers/STM32L4xx_HAL_Driver/Src/stm32l4xx_hal.o
 .debug_aranges
                0x00000428      0x128 ./Drivers/STM32L4xx_HAL_Driver/Src/stm32l4xx_hal_cortex.o
 .debug_aranges
                0x00000550       0x58 ./Drivers/STM32L4xx_HAL_Driver/Src/stm32l4xx_hal_gpio.o
 .debug_aranges
                0x000005a8      0x160 ./Drivers/STM32L4xx_HAL_Driver/Src/stm32l4xx_hal_pwr_ex.o
 .debug_aranges
                0x00000708       0x90 ./Drivers/STM32L4xx_HAL_Driver/Src/stm32l4xx_hal_rcc.o
 .debug_aranges
                0x00000798       0xc0 ./Drivers/STM32L4xx_HAL_Driver/Src/stm32l4xx_hal_rcc_ex.o
 .debug_aranges
                0x00000858      0x1d8 ./Drivers/STM32L4xx_HAL_Driver/Src/stm32l4xx_hal_spi.o
 .debug_aranges
                0x00000a30      0x3e0 ./Drivers/STM32L4xx_HAL_Driver/Src/stm32l4xx_hal_tim.o
 .debug_aranges
                0x00000e10      0x180 ./Drivers/STM32L4xx_HAL_Driver/Src/stm32l4xx_hal_tim_ex.o
 .debug_aranges
                0x00000f90      0x228 ./Drivers/STM32L4xx_HAL_Driver/Src/stm32l4xx_hal_uart.o
 .debug_aranges
                0x000011b8      0x2b0 ./Middlewares/Third_Party/FreeRTOS/Source/CMSIS_RTOS_V2/cmsis_os2.o
 .debug_aranges
                0x00001468       0x40 ./Middlewares/Third_Party/FreeRTOS/Source/list.o
 .debug_aranges
                0x000014a8      0x158 ./Middlewares/Third_Party/FreeRTOS/Source/queue.o
 .debug_aranges
                0x00001600      0x208 ./Middlewares/Third_Party/FreeRTOS/Source/tasks.o
 .debug_aranges
                0x00001808       0xf0 ./Middlewares/Third_Party/FreeRTOS/Source/timers.o
 .debug_aranges
                0x000018f8       0x80 ./Middlewares/Third_Party/FreeRTOS/Source/portable/GCC/ARM_CM4F/port.o
 .debug_aranges
                0x00001978       0x58 ./Middlewares/Third_Party/FreeRTOS/Source/portable/MemMang/heap_4.o

.debug_rnglists
                0x00000000     0x13e8
 .debug_rnglists
                0x00000000       0x20 ./Core/Src/Light/carLights.o
 .debug_rnglists
                0x00000020       0x1a ./Core/Src/Light/pedestrianLights.o
 .debug_rnglists
                0x0000003a       0x2c ./Core/Src/Logic/carLogic.o
 .debug_rnglists
                0x00000066       0x26 ./Core/Src/Logic/pedestrianLogic.o
 .debug_rnglists
                0x0000008c       0x25 ./Core/Src/freertos.o
 .debug_rnglists
                0x000000b1       0x14 ./Core/Src/gpio.o
 .debug_rnglists
                0x000000c5       0x13 ./Core/Src/intersection.o
 .debug_rnglists
                0x000000d8       0x26 ./Core/Src/main.o
 .debug_rnglists
                0x000000fe       0x20 ./Core/Src/spi.o
 .debug_rnglists
                0x0000011e       0x19 ./Core/Src/spiCommunication.o
 .debug_rnglists
                0x00000137       0x13 ./Core/Src/stm32l4xx_hal_msp.o
 .debug_rnglists
                0x0000014a       0x20 ./Core/Src/stm32l4xx_hal_timebase_tim.o
 .debug_rnglists
                0x0000016a       0x37 ./Core/Src/stm32l4xx_it.o
 .debug_rnglists
                0x000001a1       0x1a ./Core/Src/system_stm32l4xx.o
 .debug_rnglists
                0x000001bb       0x20 ./Core/Src/usart.o
 .debug_rnglists
                0x000001db       0x19 ./Core/Startup/startup_stm32l476rgtx.o
 .debug_rnglists
                0x000001f4       0xdf ./Drivers/STM32L4xx_HAL_Driver/Src/stm32l4xx_hal.o
 .debug_rnglists
                0x000002d3       0xda ./Drivers/STM32L4xx_HAL_Driver/Src/stm32l4xx_hal_cortex.o
 .debug_rnglists
                0x000003ad       0x3f ./Drivers/STM32L4xx_HAL_Driver/Src/stm32l4xx_hal_gpio.o
 .debug_rnglists
                0x000003ec      0x109 ./Drivers/STM32L4xx_HAL_Driver/Src/stm32l4xx_hal_pwr_ex.o
 .debug_rnglists
                0x000004f5       0x6d ./Drivers/STM32L4xx_HAL_Driver/Src/stm32l4xx_hal_rcc.o
 .debug_rnglists
                0x00000562       0x95 ./Drivers/STM32L4xx_HAL_Driver/Src/stm32l4xx_hal_rcc_ex.o
 .debug_rnglists
                0x000005f7      0x178 ./Drivers/STM32L4xx_HAL_Driver/Src/stm32l4xx_hal_spi.o
 .debug_rnglists
                0x0000076f      0x328 ./Drivers/STM32L4xx_HAL_Driver/Src/stm32l4xx_hal_tim.o
 .debug_rnglists
                0x00000a97      0x139 ./Drivers/STM32L4xx_HAL_Driver/Src/stm32l4xx_hal_tim_ex.o
 .debug_rnglists
                0x00000bd0      0x1db ./Drivers/STM32L4xx_HAL_Driver/Src/stm32l4xx_hal_uart.o
 .debug_rnglists
                0x00000dab      0x212 ./Middlewares/Third_Party/FreeRTOS/Source/CMSIS_RTOS_V2/cmsis_os2.o
 .debug_rnglists
                0x00000fbd       0x2b ./Middlewares/Third_Party/FreeRTOS/Source/list.o
 .debug_rnglists
                0x00000fe8      0x109 ./Middlewares/Third_Party/FreeRTOS/Source/queue.o
 .debug_rnglists
                0x000010f1      0x1a0 ./Middlewares/Third_Party/FreeRTOS/Source/tasks.o
 .debug_rnglists
                0x00001291       0xb8 ./Middlewares/Third_Party/FreeRTOS/Source/timers.o
 .debug_rnglists
                0x00001349       0x5d ./Middlewares/Third_Party/FreeRTOS/Source/portable/GCC/ARM_CM4F/port.o
 .debug_rnglists
                0x000013a6       0x42 ./Middlewares/Third_Party/FreeRTOS/Source/portable/MemMang/heap_4.o

.debug_macro    0x00000000    0x2a5c0
 .debug_macro   0x00000000       0xd5 ./Core/Src/Light/carLights.o
 .debug_macro   0x000000d5      0xab4 ./Core/Src/Light/carLights.o
 .debug_macro   0x00000b89       0x22 ./Core/Src/Light/carLights.o
 .debug_macro   0x00000bab       0x8e ./Core/Src/Light/carLights.o
 .debug_macro   0x00000c39       0x51 ./Core/Src/Light/carLights.o
 .debug_macro   0x00000c8a      0x103 ./Core/Src/Light/carLights.o
 .debug_macro   0x00000d8d       0x6a ./Core/Src/Light/carLights.o
 .debug_macro   0x00000df7      0x1df ./Core/Src/Light/carLights.o
 .debug_macro   0x00000fd6      0x189 ./Core/Src/Light/carLights.o
 .debug_macro   0x0000115f       0x2e ./Core/Src/Light/carLights.o
 .debug_macro   0x0000118d      0x25b ./Core/Src/Light/pedestrianLights.o
 .debug_macro   0x000013e8      0x1ad ./Core/Src/Light/pedestrianLights.o
 .debug_macro   0x00001595       0x2e ./Core/Src/Light/pedestrianLights.o
 .debug_macro   0x000015c3       0x28 ./Core/Src/Light/pedestrianLights.o
 .debug_macro   0x000015eb       0x1c ./Core/Src/Light/pedestrianLights.o
 .debug_macro   0x00001607       0x22 ./Core/Src/Light/pedestrianLights.o
 .debug_macro   0x00001629       0xfb ./Core/Src/Light/pedestrianLights.o
 .debug_macro   0x00001724     0x1011 ./Core/Src/Light/pedestrianLights.o
 .debug_macro   0x00002735      0x11f ./Core/Src/Light/pedestrianLights.o
 .debug_macro   0x00002854    0x1a17a ./Core/Src/Light/pedestrianLights.o
 .debug_macro   0x0001c9ce       0x6d ./Core/Src/Light/pedestrianLights.o
 .debug_macro   0x0001ca3b     0x38fb ./Core/Src/Light/pedestrianLights.o
 .debug_macro   0x00020336       0x5c ./Core/Src/Light/pedestrianLights.o
 .debug_macro   0x00020392     0x159e ./Core/Src/Light/pedestrianLights.o
 .debug_macro   0x00021930      0x5a5 ./Core/Src/Light/pedestrianLights.o
 .debug_macro   0x00021ed5      0x1b9 ./Core/Src/Light/pedestrianLights.o
 .debug_macro   0x0002208e      0x18b ./Core/Src/Light/pedestrianLights.o
 .debug_macro   0x00022219      0x26b ./Core/Src/Light/pedestrianLights.o
 .debug_macro   0x00022484      0x23d ./Core/Src/Light/pedestrianLights.o
 .debug_macro   0x000226c1      0x241 ./Core/Src/Light/pedestrianLights.o
 .debug_macro   0x00022902      0x37c ./Core/Src/Light/pedestrianLights.o
 .debug_macro   0x00022c7e       0xd6 ./Core/Src/Light/pedestrianLights.o
 .debug_macro   0x00022d54      0x122 ./Core/Src/Light/pedestrianLights.o
 .debug_macro   0x00022e76      0x3ef ./Core/Src/Light/pedestrianLights.o
 .debug_macro   0x00023265      0x2fe ./Core/Src/Light/pedestrianLights.o
 .debug_macro   0x00023563      0xa98 ./Core/Src/Light/pedestrianLights.o
 .debug_macro   0x00023ffb      0x1e6 ./Core/Src/Light/pedestrianLights.o
 .debug_macro   0x000241e1      0x5cf ./Core/Src/Light/pedestrianLights.o
 .debug_macro   0x000247b0       0x44 ./Core/Src/Light/pedestrianLights.o
 .debug_macro   0x000247f4      0x330 ./Core/Src/Light/pedestrianLights.o
 .debug_macro   0x00024b24       0xdc ./Core/Src/Light/pedestrianLights.o
 .debug_macro   0x00024c00      0x273 ./Core/Src/Logic/carLogic.o
 .debug_macro   0x00024e73      0x169 ./Core/Src/Logic/carLogic.o
 .debug_macro   0x00024fdc      0x15a ./Core/Src/Logic/carLogic.o
 .debug_macro   0x00025136       0xc9 ./Core/Src/Logic/carLogic.o
 .debug_macro   0x000251ff       0x1c ./Core/Src/Logic/carLogic.o
 .debug_macro   0x0002521b       0x26 ./Core/Src/Logic/carLogic.o
 .debug_macro   0x00025241      0x4c5 ./Core/Src/Logic/carLogic.o
 .debug_macro   0x00025706       0xb5 ./Core/Src/Logic/carLogic.o
 .debug_macro   0x000257bb       0xaa ./Core/Src/Logic/carLogic.o
 .debug_macro   0x00025865      0x349 ./Core/Src/Logic/pedestrianLogic.o
 .debug_macro   0x00025bae       0x61 ./Core/Src/Logic/pedestrianLogic.o
 .debug_macro   0x00025c0f       0x2a ./Core/Src/Logic/pedestrianLogic.o
 .debug_macro   0x00025c39       0x43 ./Core/Src/Logic/pedestrianLogic.o
 .debug_macro   0x00025c7c       0x34 ./Core/Src/Logic/pedestrianLogic.o
 .debug_macro   0x00025cb0       0x16 ./Core/Src/Logic/pedestrianLogic.o
 .debug_macro   0x00025cc6       0x43 ./Core/Src/Logic/pedestrianLogic.o
 .debug_macro   0x00025d09       0x34 ./Core/Src/Logic/pedestrianLogic.o
 .debug_macro   0x00025d3d       0x10 ./Core/Src/Logic/pedestrianLogic.o
 .debug_macro   0x00025d4d       0x58 ./Core/Src/Logic/pedestrianLogic.o
 .debug_macro   0x00025da5       0x8e ./Core/Src/Logic/pedestrianLogic.o
 .debug_macro   0x00025e33       0x1c ./Core/Src/Logic/pedestrianLogic.o
 .debug_macro   0x00025e4f      0x177 ./Core/Src/Logic/pedestrianLogic.o
 .debug_macro   0x00025fc6      0x369 ./Core/Src/Logic/pedestrianLogic.o
 .debug_macro   0x0002632f       0x10 ./Core/Src/Logic/pedestrianLogic.o
 .debug_macro   0x0002633f       0x35 ./Core/Src/Logic/pedestrianLogic.o
 .debug_macro   0x00026374       0x20 ./Core/Src/Logic/pedestrianLogic.o
 .debug_macro   0x00026394      0x2af ./Core/Src/freertos.o
 .debug_macro   0x00026643      0x169 ./Core/Src/freertos.o
 .debug_macro   0x000267ac       0x6c ./Core/Src/freertos.o
 .debug_macro   0x00026818       0x74 ./Core/Src/freertos.o
 .debug_macro   0x0002688c       0xdd ./Core/Src/freertos.o
 .debug_macro   0x00026969      0x1ee ./Core/Src/gpio.o
 .debug_macro   0x00026b57      0x2eb ./Core/Src/intersection.o
 .debug_macro   0x00026e42       0x28 ./Core/Src/intersection.o
 .debug_macro   0x00026e6a      0x296 ./Core/Src/main.o
 .debug_macro   0x00027100       0x66 ./Core/Src/main.o
 .debug_macro   0x00027166      0x1ee ./Core/Src/spi.o
 .debug_macro   0x00027354      0x20a ./Core/Src/spiCommunication.o
 .debug_macro   0x0002755e      0x1e4 ./Core/Src/stm32l4xx_hal_msp.o
 .debug_macro   0x00027742      0x1d5 ./Core/Src/stm32l4xx_hal_timebase_tim.o
 .debug_macro   0x00027917      0x1ee ./Core/Src/stm32l4xx_it.o
 .debug_macro   0x00027b05      0x1d5 ./Core/Src/system_stm32l4xx.o
 .debug_macro   0x00027cda      0x1ee ./Core/Src/usart.o
 .debug_macro   0x00027ec8      0x223 ./Drivers/STM32L4xx_HAL_Driver/Src/stm32l4xx_hal.o
 .debug_macro   0x000280eb      0x1d5 ./Drivers/STM32L4xx_HAL_Driver/Src/stm32l4xx_hal_cortex.o
 .debug_macro   0x000282c0      0x1dc ./Drivers/STM32L4xx_HAL_Driver/Src/stm32l4xx_hal_gpio.o
 .debug_macro   0x0002849c      0x1f9 ./Drivers/STM32L4xx_HAL_Driver/Src/stm32l4xx_hal_pwr_ex.o
 .debug_macro   0x00028695      0x217 ./Drivers/STM32L4xx_HAL_Driver/Src/stm32l4xx_hal_rcc.o
 .debug_macro   0x000288ac      0x20b ./Drivers/STM32L4xx_HAL_Driver/Src/stm32l4xx_hal_rcc_ex.o
 .debug_macro   0x00028ab7      0x1dd ./Drivers/STM32L4xx_HAL_Driver/Src/stm32l4xx_hal_spi.o
 .debug_macro   0x00028c94      0x1d6 ./Drivers/STM32L4xx_HAL_Driver/Src/stm32l4xx_hal_tim.o
 .debug_macro   0x00028e6a      0x1d5 ./Drivers/STM32L4xx_HAL_Driver/Src/stm32l4xx_hal_tim_ex.o
 .debug_macro   0x0002903f      0x200 ./Drivers/STM32L4xx_HAL_Driver/Src/stm32l4xx_hal_uart.o
 .debug_macro   0x0002923f      0x3cc ./Middlewares/Third_Party/FreeRTOS/Source/CMSIS_RTOS_V2/cmsis_os2.o
 .debug_macro   0x0002960b       0x10 ./Middlewares/Third_Party/FreeRTOS/Source/CMSIS_RTOS_V2/cmsis_os2.o
 .debug_macro   0x0002961b       0xf5 ./Middlewares/Third_Party/FreeRTOS/Source/CMSIS_RTOS_V2/cmsis_os2.o
 .debug_macro   0x00029710       0x91 ./Middlewares/Third_Party/FreeRTOS/Source/CMSIS_RTOS_V2/cmsis_os2.o
 .debug_macro   0x000297a1       0x8d ./Middlewares/Third_Party/FreeRTOS/Source/CMSIS_RTOS_V2/cmsis_os2.o
 .debug_macro   0x0002982e       0x9a ./Middlewares/Third_Party/FreeRTOS/Source/CMSIS_RTOS_V2/cmsis_os2.o
 .debug_macro   0x000298c8       0x22 ./Middlewares/Third_Party/FreeRTOS/Source/CMSIS_RTOS_V2/cmsis_os2.o
 .debug_macro   0x000298ea       0x56 ./Middlewares/Third_Party/FreeRTOS/Source/CMSIS_RTOS_V2/cmsis_os2.o
 .debug_macro   0x00029940      0x187 ./Middlewares/Third_Party/FreeRTOS/Source/list.o
 .debug_macro   0x00029ac7      0x216 ./Middlewares/Third_Party/FreeRTOS/Source/queue.o
 .debug_macro   0x00029cdd       0x16 ./Middlewares/Third_Party/FreeRTOS/Source/queue.o
 .debug_macro   0x00029cf3       0x87 ./Middlewares/Third_Party/FreeRTOS/Source/queue.o
 .debug_macro   0x00029d7a      0x27f ./Middlewares/Third_Party/FreeRTOS/Source/tasks.o
 .debug_macro   0x00029ff9       0x10 ./Middlewares/Third_Party/FreeRTOS/Source/tasks.o
 .debug_macro   0x0002a009      0x1dc ./Middlewares/Third_Party/FreeRTOS/Source/timers.o
 .debug_macro   0x0002a1e5       0x97 ./Middlewares/Third_Party/FreeRTOS/Source/timers.o
 .debug_macro   0x0002a27c      0x196 ./Middlewares/Third_Party/FreeRTOS/Source/portable/GCC/ARM_CM4F/port.o
 .debug_macro   0x0002a412      0x1ae ./Middlewares/Third_Party/FreeRTOS/Source/portable/MemMang/heap_4.o

.debug_line     0x00000000    0x20a02
 .debug_line    0x00000000      0x649 ./Core/Src/Light/carLights.o
 .debug_line    0x00000649      0x8f8 ./Core/Src/Light/pedestrianLights.o
 .debug_line    0x00000f41      0xba3 ./Core/Src/Logic/carLogic.o
 .debug_line    0x00001ae4      0xbec ./Core/Src/Logic/pedestrianLogic.o
 .debug_line    0x000026d0      0x9ea ./Core/Src/freertos.o
 .debug_line    0x000030ba      0x7d4 ./Core/Src/gpio.o
 .debug_line    0x0000388e      0x995 ./Core/Src/intersection.o
 .debug_line    0x00004223      0x993 ./Core/Src/main.o
 .debug_line    0x00004bb6      0x80b ./Core/Src/spi.o
 .debug_line    0x000053c1      0x7d6 ./Core/Src/spiCommunication.o
 .debug_line    0x00005b97      0x782 ./Core/Src/stm32l4xx_hal_msp.o
 .debug_line    0x00006319      0x7ed ./Core/Src/stm32l4xx_hal_timebase_tim.o
 .debug_line    0x00006b06      0x81d ./Core/Src/stm32l4xx_it.o
 .debug_line    0x00007323      0x81b ./Core/Src/system_stm32l4xx.o
 .debug_line    0x00007b3e      0x802 ./Core/Src/usart.o
 .debug_line    0x00008340       0x7a ./Core/Startup/startup_stm32l476rgtx.o
 .debug_line    0x000083ba      0xb77 ./Drivers/STM32L4xx_HAL_Driver/Src/stm32l4xx_hal.o
 .debug_line    0x00008f31      0xd3f ./Drivers/STM32L4xx_HAL_Driver/Src/stm32l4xx_hal_cortex.o
 .debug_line    0x00009c70      0xc02 ./Drivers/STM32L4xx_HAL_Driver/Src/stm32l4xx_hal_gpio.o
 .debug_line    0x0000a872      0xd68 ./Drivers/STM32L4xx_HAL_Driver/Src/stm32l4xx_hal_pwr_ex.o
 .debug_line    0x0000b5da      0xfef ./Drivers/STM32L4xx_HAL_Driver/Src/stm32l4xx_hal_rcc.o
 .debug_line    0x0000c5c9     0x1561 ./Drivers/STM32L4xx_HAL_Driver/Src/stm32l4xx_hal_rcc_ex.o
 .debug_line    0x0000db2a     0x204c ./Drivers/STM32L4xx_HAL_Driver/Src/stm32l4xx_hal_spi.o
 .debug_line    0x0000fb76     0x3e85 ./Drivers/STM32L4xx_HAL_Driver/Src/stm32l4xx_hal_tim.o
 .debug_line    0x000139fb     0x1c6f ./Drivers/STM32L4xx_HAL_Driver/Src/stm32l4xx_hal_tim_ex.o
 .debug_line    0x0001566a     0x3288 ./Drivers/STM32L4xx_HAL_Driver/Src/stm32l4xx_hal_uart.o
 .debug_line    0x000188f2     0x23d0 ./Middlewares/Third_Party/FreeRTOS/Source/CMSIS_RTOS_V2/cmsis_os2.o
 .debug_line    0x0001acc2      0x796 ./Middlewares/Third_Party/FreeRTOS/Source/list.o
 .debug_line    0x0001b458     0x1760 ./Middlewares/Third_Party/FreeRTOS/Source/queue.o
 .debug_line    0x0001cbb8     0x1e32 ./Middlewares/Third_Party/FreeRTOS/Source/tasks.o
 .debug_line    0x0001e9ea      0xe1e ./Middlewares/Third_Party/FreeRTOS/Source/timers.o
 .debug_line    0x0001f808      0x839 ./Middlewares/Third_Party/FreeRTOS/Source/portable/GCC/ARM_CM4F/port.o
 .debug_line    0x00020041      0x9c1 ./Middlewares/Third_Party/FreeRTOS/Source/portable/MemMang/heap_4.o

.debug_str      0x00000000    0xff0fa
 .debug_str     0x00000000     0x4142 ./Core/Src/Light/carLights.o
                               0x434f (size before relaxing)
 .debug_str     0x00004142    0xe814a ./Core/Src/Light/pedestrianLights.o
                              0xec3a5 (size before relaxing)
 .debug_str     0x000ec28c     0x3f20 ./Core/Src/Logic/carLogic.o
                              0xf00bb (size before relaxing)
 .debug_str     0x000f01ac     0x31e3 ./Core/Src/Logic/pedestrianLogic.o
                              0xf3226 (size before relaxing)
 .debug_str     0x000f338f     0x11f0 ./Core/Src/freertos.o
                              0xf1269 (size before relaxing)
 .debug_str     0x000f457f      0x1c1 ./Core/Src/gpio.o
                              0xec20e (size before relaxing)
 .debug_str     0x000f4740       0x34 ./Core/Src/intersection.o
                              0xef3e0 (size before relaxing)
 .debug_str     0x000f4774      0x6de ./Core/Src/main.o
                              0xf1149 (size before relaxing)
 .debug_str     0x000f4e52      0x220 ./Core/Src/spi.o
                              0xec63a (size before relaxing)
 .debug_str     0x000f5072       0x30 ./Core/Src/spiCommunication.o
                              0xec4f3 (size before relaxing)
 .debug_str     0x000f50a2      0x48a ./Core/Src/stm32l4xx_hal_msp.o
                              0xec63e (size before relaxing)
 .debug_str     0x000f552c      0x10a ./Core/Src/stm32l4xx_hal_timebase_tim.o
                              0xec95e (size before relaxing)
 .debug_str     0x000f5636       0xbe ./Core/Src/stm32l4xx_it.o
                              0xec584 (size before relaxing)
 .debug_str     0x000f56f4       0xf2 ./Core/Src/system_stm32l4xx.o
                              0xebebe (size before relaxing)
 .debug_str     0x000f57e6      0x47f ./Core/Src/usart.o
                              0xec938 (size before relaxing)
 .debug_str     0x000f5c65       0x44 ./Core/Startup/startup_stm32l476rgtx.o
                                 0x8d (size before relaxing)
 .debug_str     0x000f5ca9      0x663 ./Drivers/STM32L4xx_HAL_Driver/Src/stm32l4xx_hal.o
                              0xecabd (size before relaxing)
 .debug_str     0x000f630c      0x360 ./Drivers/STM32L4xx_HAL_Driver/Src/stm32l4xx_hal_cortex.o
                              0xec737 (size before relaxing)
 .debug_str     0x000f666c       0xff ./Drivers/STM32L4xx_HAL_Driver/Src/stm32l4xx_hal_gpio.o
                              0xec037 (size before relaxing)
 .debug_str     0x000f676b      0x4e3 ./Drivers/STM32L4xx_HAL_Driver/Src/stm32l4xx_hal_pwr_ex.o
                              0xec419 (size before relaxing)
 .debug_str     0x000f6c4e      0x30f ./Drivers/STM32L4xx_HAL_Driver/Src/stm32l4xx_hal_rcc.o
                              0xec504 (size before relaxing)
 .debug_str     0x000f6f5d      0x3bf ./Drivers/STM32L4xx_HAL_Driver/Src/stm32l4xx_hal_rcc_ex.o
                              0xec67d (size before relaxing)
 .debug_str     0x000f731c      0x5a6 ./Drivers/STM32L4xx_HAL_Driver/Src/stm32l4xx_hal_spi.o
                              0xec6d9 (size before relaxing)
 .debug_str     0x000f78c2      0xe7e ./Drivers/STM32L4xx_HAL_Driver/Src/stm32l4xx_hal_tim.o
                              0xed1fe (size before relaxing)
 .debug_str     0x000f8740      0x60d ./Drivers/STM32L4xx_HAL_Driver/Src/stm32l4xx_hal_tim_ex.o
                              0xecb12 (size before relaxing)
 .debug_str     0x000f8d4d      0x8ab ./Drivers/STM32L4xx_HAL_Driver/Src/stm32l4xx_hal_uart.o
                              0xecc16 (size before relaxing)
 .debug_str     0x000f95f8     0x2faf ./Middlewares/Third_Party/FreeRTOS/Source/CMSIS_RTOS_V2/cmsis_os2.o
                              0xf6a68 (size before relaxing)
 .debug_str     0x000fc5a7      0x20f ./Middlewares/Third_Party/FreeRTOS/Source/list.o
                               0xaaf3 (size before relaxing)
 .debug_str     0x000fc7b6      0x892 ./Middlewares/Third_Party/FreeRTOS/Source/queue.o
                               0xc633 (size before relaxing)
 .debug_str     0x000fd048     0x105c ./Middlewares/Third_Party/FreeRTOS/Source/tasks.o
                               0xd0f0 (size before relaxing)